Archive member included to satisfy reference by file (symbol)

/usr/lib/gcc/arm-none-eabi/10.3.1/thumb/v6-m/nofp/libgcc.a(_dvmd_tls.o)
                              CMakeFiles/LEDBlink.dir/home/austin/pico/pico-sdk/src/rp2_common/pico_divider/divider.S.obj (__aeabi_idiv0)
/usr/lib/gcc/arm-none-eabi/10.3.1/../../../arm-none-eabi/lib/thumb/v6-m/nofp/libg.a(lib_a-atexit.o)
                              /usr/lib/gcc/arm-none-eabi/10.3.1/../../../arm-none-eabi/lib/thumb/v6-m/nofp/crt0.o (atexit)
/usr/lib/gcc/arm-none-eabi/10.3.1/../../../arm-none-eabi/lib/thumb/v6-m/nofp/libg.a(lib_a-calloc.o)
                              CMakeFiles/LEDBlink.dir/home/austin/pico/pico-sdk/src/rp2_common/pico_malloc/pico_malloc.c.obj (calloc)
/usr/lib/gcc/arm-none-eabi/10.3.1/../../../arm-none-eabi/lib/thumb/v6-m/nofp/libg.a(lib_a-callocr.o)
                              /usr/lib/gcc/arm-none-eabi/10.3.1/../../../arm-none-eabi/lib/thumb/v6-m/nofp/libg.a(lib_a-calloc.o) (_calloc_r)
/usr/lib/gcc/arm-none-eabi/10.3.1/../../../arm-none-eabi/lib/thumb/v6-m/nofp/libg.a(lib_a-fini.o)
                              /usr/lib/gcc/arm-none-eabi/10.3.1/../../../arm-none-eabi/lib/thumb/v6-m/nofp/crt0.o (__libc_fini_array)
/usr/lib/gcc/arm-none-eabi/10.3.1/../../../arm-none-eabi/lib/thumb/v6-m/nofp/libg.a(lib_a-impure.o)
                              /usr/lib/gcc/arm-none-eabi/10.3.1/../../../arm-none-eabi/lib/thumb/v6-m/nofp/libg.a(lib_a-calloc.o) (_impure_ptr)
/usr/lib/gcc/arm-none-eabi/10.3.1/../../../arm-none-eabi/lib/thumb/v6-m/nofp/libg.a(lib_a-init.o)
                              /usr/lib/gcc/arm-none-eabi/10.3.1/../../../arm-none-eabi/lib/thumb/v6-m/nofp/crt0.o (__libc_init_array)
/usr/lib/gcc/arm-none-eabi/10.3.1/../../../arm-none-eabi/lib/thumb/v6-m/nofp/libg.a(lib_a-malloc.o)
                              CMakeFiles/LEDBlink.dir/home/austin/pico/pico-sdk/src/rp2_common/pico_malloc/pico_malloc.c.obj (malloc)
/usr/lib/gcc/arm-none-eabi/10.3.1/../../../arm-none-eabi/lib/thumb/v6-m/nofp/libg.a(lib_a-mallocr.o)
                              /usr/lib/gcc/arm-none-eabi/10.3.1/../../../arm-none-eabi/lib/thumb/v6-m/nofp/libg.a(lib_a-callocr.o) (_malloc_r)
/usr/lib/gcc/arm-none-eabi/10.3.1/../../../arm-none-eabi/lib/thumb/v6-m/nofp/libg.a(lib_a-mlock.o)
                              /usr/lib/gcc/arm-none-eabi/10.3.1/../../../arm-none-eabi/lib/thumb/v6-m/nofp/libg.a(lib_a-mallocr.o) (__malloc_lock)
/usr/lib/gcc/arm-none-eabi/10.3.1/../../../arm-none-eabi/lib/thumb/v6-m/nofp/libg.a(lib_a-realloc.o)
                              CMakeFiles/LEDBlink.dir/home/austin/pico/pico-sdk/src/rp2_common/pico_malloc/pico_malloc.c.obj (realloc)
/usr/lib/gcc/arm-none-eabi/10.3.1/../../../arm-none-eabi/lib/thumb/v6-m/nofp/libg.a(lib_a-reallocr.o)
                              /usr/lib/gcc/arm-none-eabi/10.3.1/../../../arm-none-eabi/lib/thumb/v6-m/nofp/libg.a(lib_a-realloc.o) (_realloc_r)
/usr/lib/gcc/arm-none-eabi/10.3.1/../../../arm-none-eabi/lib/thumb/v6-m/nofp/libg.a(lib_a-sbrkr.o)
                              /usr/lib/gcc/arm-none-eabi/10.3.1/../../../arm-none-eabi/lib/thumb/v6-m/nofp/libg.a(lib_a-mallocr.o) (_sbrk_r)
/usr/lib/gcc/arm-none-eabi/10.3.1/../../../arm-none-eabi/lib/thumb/v6-m/nofp/libg.a(lib_a-strlen-stub.o)
                              CMakeFiles/LEDBlink.dir/home/austin/pico/pico-sdk/src/rp2_common/pico_stdio/stdio.c.obj (strlen)
/usr/lib/gcc/arm-none-eabi/10.3.1/../../../arm-none-eabi/lib/thumb/v6-m/nofp/libg.a(lib_a-__atexit.o)
                              /usr/lib/gcc/arm-none-eabi/10.3.1/../../../arm-none-eabi/lib/thumb/v6-m/nofp/libg.a(lib_a-atexit.o) (__register_exitproc)
/usr/lib/gcc/arm-none-eabi/10.3.1/../../../arm-none-eabi/lib/thumb/v6-m/nofp/libg.a(lib_a-freer.o)
                              /usr/lib/gcc/arm-none-eabi/10.3.1/../../../arm-none-eabi/lib/thumb/v6-m/nofp/libg.a(lib_a-malloc.o) (_free_r)
/usr/lib/gcc/arm-none-eabi/10.3.1/../../../arm-none-eabi/lib/thumb/v6-m/nofp/libg.a(lib_a-memmove.o)
                              /usr/lib/gcc/arm-none-eabi/10.3.1/../../../arm-none-eabi/lib/thumb/v6-m/nofp/libg.a(lib_a-reallocr.o) (memmove)
/usr/lib/gcc/arm-none-eabi/10.3.1/../../../arm-none-eabi/lib/thumb/v6-m/nofp/libg.a(lib_a-reent.o)
                              /usr/lib/gcc/arm-none-eabi/10.3.1/../../../arm-none-eabi/lib/thumb/v6-m/nofp/libg.a(lib_a-sbrkr.o) (errno)

Discarded input sections

 .text          0x0000000000000000        0x0 /usr/lib/gcc/arm-none-eabi/10.3.1/thumb/v6-m/nofp/crti.o
 .data          0x0000000000000000        0x0 /usr/lib/gcc/arm-none-eabi/10.3.1/thumb/v6-m/nofp/crti.o
 .bss           0x0000000000000000        0x0 /usr/lib/gcc/arm-none-eabi/10.3.1/thumb/v6-m/nofp/crti.o
 .data          0x0000000000000000        0x4 /usr/lib/gcc/arm-none-eabi/10.3.1/thumb/v6-m/nofp/crtbegin.o
 .rodata        0x0000000000000000       0x24 /usr/lib/gcc/arm-none-eabi/10.3.1/thumb/v6-m/nofp/crtbegin.o
 .fini_array    0x0000000000000000        0x4 /usr/lib/gcc/arm-none-eabi/10.3.1/thumb/v6-m/nofp/crtbegin.o
[...]
Memory Configuration

Name             Origin             Length             Attributes
FLASH            0x0000000010000000 0x0000000000200000 xr
RAM              0x0000000020000000 0x0000000000040000 xrw
SCRATCH_X        0x0000000020040000 0x0000000000001000 xrw
SCRATCH_Y        0x0000000020041000 0x0000000000001000 xrw
*default*        0x0000000000000000 0xffffffffffffffff

Linker script and memory map

LOAD /usr/lib/gcc/arm-none-eabi/10.3.1/thumb/v6-m/nofp/crti.o
LOAD /usr/lib/gcc/arm-none-eabi/10.3.1/thumb/v6-m/nofp/crtbegin.o
LOAD /usr/lib/gcc/arm-none-eabi/10.3.1/../../../arm-none-eabi/lib/thumb/v6-m/nofp/crt0.o

.flash_begin    0x0000000010000000        0x0
                0x0000000010000000                __flash_binary_start = .

.boot2          0x0000000010000000      0x100
                0x0000000010000000                __boot2_start__ = .
 *(.boot2)
 .boot2         0x0000000010000000      0x100 /tmp/ccfJmwZq.o
                0x0000000010000100                __boot2_end__ = .
                0x0000000000000001                ASSERT (((__boot2_end__ - __boot2_start__) == 0x100), ERROR: Pico second stage bootloader must be 256 bytes in size)

.text           0x0000000010000100     0x7108
                0x0000000010000100                __logical_binary_start = .
 *(.vectors)
 .vectors       0x0000000010000100       0xd4 CMakeFiles/LEDBlink.dir/home/austin/pico/pico-sdk/src/rp2_common/pico_standard_link/crt0.S.obj
                0x0000000010000100                __vectors
                0x0000000010000100                __VECTOR_TABLE
                0x00000000100001c0                isr_invalid
                0x00000000100001c0                __default_isrs_start
                0x00000000100001c2                isr_nmi
                0x00000000100001c4                isr_hardfault
                0x00000000100001c6                isr_svcall
                0x00000000100001c8                isr_pendsv
                0x00000000100001ca                isr_systick
                0x00000000100001cc                isr_irq30
                0x00000000100001cc                __unhandled_user_irq
                0x00000000100001cc                isr_irq13
                0x00000000100001cc                isr_irq27
                0x00000000100001cc                isr_irq31
                0x00000000100001cc                isr_irq5
                0x00000000100001cc                isr_irq11
                0x00000000100001cc                isr_irq23
                0x00000000100001cc                isr_irq18
                0x00000000100001cc                isr_irq28
                0x00000000100001cc                isr_irq19
                0x00000000100001cc                isr_irq0
                0x00000000100001cc                isr_irq6
                0x00000000100001cc                isr_irq22
                0x00000000100001cc                isr_irq17
                0x00000000100001cc                isr_irq14
                0x00000000100001cc                isr_irq2
                0x00000000100001cc                isr_irq10
                0x00000000100001cc                isr_irq8
                0x00000000100001cc                isr_irq24
                0x00000000100001cc                isr_irq1
                0x00000000100001cc                isr_irq7
                0x00000000100001cc                isr_irq21
                0x00000000100001cc                isr_irq20
                0x00000000100001cc                isr_irq15
                0x00000000100001cc                isr_irq25
                0x00000000100001cc                isr_irq4
                0x00000000100001cc                isr_irq16
                0x00000000100001cc                isr_irq29
                0x00000000100001cc                isr_irq26
                0x00000000100001cc                __default_isrs_end
                0x00000000100001cc                isr_irq3
                0x00000000100001cc                isr_irq12
                0x00000000100001cc                isr_irq9
                0x00000000100001d2                unhandled_user_irq_num_in_r0
 *(.binary_info_header)
 .binary_info_header
                0x00000000100001d4       0x14 CMakeFiles/LEDBlink.dir/home/austin/pico/pico-sdk/src/rp2_common/pico_standard_link/crt0.S.obj
                0x00000000100001e8                __binary_info_header_end = .
 *(.reset)
 .reset         0x00000000100001e8       0xa0 CMakeFiles/LEDBlink.dir/home/austin/pico/pico-sdk/src/rp2_common/pico_standard_link/crt0.S.obj
                0x00000000100001e8                _entry_point
 .reset         0x0000000010000288       0x30 CMakeFiles/LEDBlink.dir/home/austin/pico/pico-sdk/src/rp2_common/pico_standard_link/binary_info.c.obj
 *(.init)
 .init          0x00000000100002b8        0x4 /usr/lib/gcc/arm-none-eabi/10.3.1/thumb/v6-m/nofp/crti.o
                0x00000000100002b8                _init
 *(EXCLUDE_FILE(*libm.a: *libc.a:*lib_a-mem*.o *libgcc.a:) .text*)
 .text          0x00000000100002bc       0x98 /usr/lib/gcc/arm-none-eabi/10.3.1/thumb/v6-m/nofp/crtbegin.o
 .text.main     0x0000000010000354       0x48 CMakeFiles/LEDBlink.dir/LEDBlink.c.obj
                0x0000000010000354                main
 .text.gpio_set_function
                0x000000001000039c       0x30 CMakeFiles/LEDBlink.dir/home/austin/pico/pico-sdk/src/rp2_common/hardware_gpio/gpio.c.obj
                0x000000001000039c                gpio_set_function
 .text.gpio_init
                0x00000000100003cc       0x16 CMakeFiles/LEDBlink.dir/home/austin/pico/pico-sdk/src/rp2_common/hardware_gpio/gpio.c.obj
                0x00000000100003cc                gpio_init
 *fill*         0x00000000100003e2        0x2 
 .text.running_on_fpga
                0x00000000100003e4       0x14 CMakeFiles/LEDBlink.dir/home/austin/pico/pico-sdk/src/rp2_common/pico_platform/platform.c.obj
                0x00000000100003e4                running_on_fpga
 .text.hw_claim_lock
                0x00000000100003f8       0x18 CMakeFiles/LEDBlink.dir/home/austin/pico/pico-sdk/src/rp2_common/hardware_claim/claim.c.obj
                0x00000000100003f8                hw_claim_lock
 .text.hw_claim_unlock
                0x0000000010000410       0x14 CMakeFiles/LEDBlink.dir/home/austin/pico/pico-sdk/src/rp2_common/hardware_claim/claim.c.obj
                0x0000000010000410                hw_claim_unlock
 .text.hw_claim_or_assert
                0x0000000010000424       0x32 CMakeFiles/LEDBlink.dir/home/austin/pico/pico-sdk/src/rp2_common/hardware_claim/claim.c.obj
                0x0000000010000424                hw_claim_or_assert
 .text.hw_claim_unused_from_range
                0x0000000010000456       0x50 CMakeFiles/LEDBlink.dir/home/austin/pico/pico-sdk/src/rp2_common/hardware_claim/claim.c.obj
                0x0000000010000456                hw_claim_unused_from_range
 *fill*         0x00000000100004a6        0x2 
 .text.spin_locks_reset
                0x00000000100004a8       0x20 CMakeFiles/LEDBlink.dir/home/austin/pico/pico-sdk/src/rp2_common/hardware_sync/sync.c.obj
                0x00000000100004a8                spin_locks_reset
 .text.next_striped_spin_lock_num
                0x00000000100004c8       0x1c CMakeFiles/LEDBlink.dir/home/austin/pico/pico-sdk/src/rp2_common/hardware_sync/sync.c.obj
                0x00000000100004c8                next_striped_spin_lock_num
 .text.spin_lock_claim_unused
                0x00000000100004e4       0x20 CMakeFiles/LEDBlink.dir/home/austin/pico/pico-sdk/src/rp2_common/hardware_sync/sync.c.obj
                0x00000000100004e4                spin_lock_claim_unused
 .text.set_raw_irq_handler_and_unlock
                0x0000000010000504       0x28 CMakeFiles/LEDBlink.dir/home/austin/pico/pico-sdk/src/rp2_common/hardware_irq/irq.c.obj
 .text.make_branch
                0x000000001000052c       0x48 CMakeFiles/LEDBlink.dir/home/austin/pico/pico-sdk/src/rp2_common/hardware_irq/irq.c.obj
 .text.insert_branch_and_link
                0x0000000010000574       0x40 CMakeFiles/LEDBlink.dir/home/austin/pico/pico-sdk/src/rp2_common/hardware_irq/irq.c.obj
 .text.irq_is_enabled
                0x00000000100005b4       0x18 CMakeFiles/LEDBlink.dir/home/austin/pico/pico-sdk/src/rp2_common/hardware_irq/irq.c.obj
                0x00000000100005b4                irq_is_enabled
 .text.irq_set_mask_enabled
                0x00000000100005cc       0x20 CMakeFiles/LEDBlink.dir/home/austin/pico/pico-sdk/src/rp2_common/hardware_irq/irq.c.obj
                0x00000000100005cc                irq_set_mask_enabled
 .text.irq_set_enabled
                0x00000000100005ec        0xe CMakeFiles/LEDBlink.dir/home/austin/pico/pico-sdk/src/rp2_common/hardware_irq/irq.c.obj
                0x00000000100005ec                irq_set_enabled
 *fill*         0x00000000100005fa        0x2 
 .text.irq_set_pending
                0x00000000100005fc       0x10 CMakeFiles/LEDBlink.dir/home/austin/pico/pico-sdk/src/rp2_common/hardware_irq/irq.c.obj
                0x00000000100005fc                irq_set_pending
 .text.irq_get_vtable_handler
                0x000000001000060c       0x10 CMakeFiles/LEDBlink.dir/home/austin/pico/pico-sdk/src/rp2_common/hardware_irq/irq.c.obj
                0x000000001000060c                irq_get_vtable_handler
 .text.irq_has_shared_handler
                0x000000001000061c       0x24 CMakeFiles/LEDBlink.dir/home/austin/pico/pico-sdk/src/rp2_common/hardware_irq/irq.c.obj
                0x000000001000061c                irq_has_shared_handler
 .text.irq_set_exclusive_handler
                0x0000000010000640       0x54 CMakeFiles/LEDBlink.dir/home/austin/pico/pico-sdk/src/rp2_common/hardware_irq/irq.c.obj
                0x0000000010000640                irq_set_exclusive_handler
 .text.irq_add_shared_handler
                0x0000000010000694      0x234 CMakeFiles/LEDBlink.dir/home/austin/pico/pico-sdk/src/rp2_common/hardware_irq/irq.c.obj
                0x0000000010000694                irq_add_shared_handler
 .text.irq_remove_handler
                0x00000000100008c8      0x1ac CMakeFiles/LEDBlink.dir/home/austin/pico/pico-sdk/src/rp2_common/hardware_irq/irq.c.obj
                0x00000000100008c8                irq_remove_handler
 .text.irq_add_tail_to_free_list
                0x0000000010000a74       0xf0 CMakeFiles/LEDBlink.dir/home/austin/pico/pico-sdk/src/rp2_common/hardware_irq/irq.c.obj
                0x0000000010000a74                irq_add_tail_to_free_list
 .text.irq_init_priorities
                0x0000000010000b64       0x1c CMakeFiles/LEDBlink.dir/home/austin/pico/pico-sdk/src/rp2_common/hardware_irq/irq.c.obj
                0x0000000010000b64                irq_init_priorities
 .text.user_irq_claim_unused
                0x0000000010000b80       0x28 CMakeFiles/LEDBlink.dir/home/austin/pico/pico-sdk/src/rp2_common/hardware_irq/irq.c.obj
                0x0000000010000b80                user_irq_claim_unused
 .text.lock_init
                0x0000000010000ba8       0x10 CMakeFiles/LEDBlink.dir/home/austin/pico/pico-sdk/src/common/pico_sync/lock_core.c.obj
                0x0000000010000ba8                lock_init
 .text.mutex_init
                0x0000000010000bb8       0x1a CMakeFiles/LEDBlink.dir/home/austin/pico/pico-sdk/src/common/pico_sync/mutex.c.obj
                0x0000000010000bb8                mutex_init
 .text.recursive_mutex_init
                0x0000000010000bd2       0x1e CMakeFiles/LEDBlink.dir/home/austin/pico/pico-sdk/src/common/pico_sync/mutex.c.obj
                0x0000000010000bd2                recursive_mutex_init
 .text.critical_section_init_with_lock_num
                0x0000000010000bf0       0x14 CMakeFiles/LEDBlink.dir/home/austin/pico/pico-sdk/src/common/pico_sync/critical_section.c.obj
                0x0000000010000bf0                critical_section_init_with_lock_num
 .text.critical_section_init
                0x0000000010000c04       0x14 CMakeFiles/LEDBlink.dir/home/austin/pico/pico-sdk/src/common/pico_sync/critical_section.c.obj
                0x0000000010000c04                critical_section_init
 .text.alarm_pool_post_alloc_init
                0x0000000010000c18       0x40 CMakeFiles/LEDBlink.dir/home/austin/pico/pico-sdk/src/common/pico_time/time.c.obj
 .text.sleep_until_callback
                0x0000000010000c58       0x30 CMakeFiles/LEDBlink.dir/home/austin/pico/pico-sdk/src/common/pico_time/time.c.obj
 .text.timer_pool_entry_comparator
                0x0000000010000c88       0x7c CMakeFiles/LEDBlink.dir/home/austin/pico/pico-sdk/src/common/pico_time/time.c.obj
                0x0000000010000c88                timer_pool_entry_comparator
 .text.ph_add_child_node
                0x0000000010000d04       0xa4 CMakeFiles/LEDBlink.dir/home/austin/pico/pico-sdk/src/common/pico_time/time.c.obj
 .text.ph_merge_nodes
                0x0000000010000da8       0x3e CMakeFiles/LEDBlink.dir/home/austin/pico/pico-sdk/src/common/pico_time/time.c.obj
 *fill*         0x0000000010000de6        0x2 
 .text.add_alarm_under_lock
                0x0000000010000de8      0x174 CMakeFiles/LEDBlink.dir/home/austin/pico/pico-sdk/src/common/pico_time/time.c.obj
 .text.alarm_pool_alarm_callback
                0x0000000010000f5c      0x33c CMakeFiles/LEDBlink.dir/home/austin/pico/pico-sdk/src/common/pico_time/time.c.obj
 .text.alarm_pool_init_default
                0x0000000010001298       0x40 CMakeFiles/LEDBlink.dir/home/austin/pico/pico-sdk/src/common/pico_time/time.c.obj
                0x0000000010001298                alarm_pool_init_default
 .text.alarm_pool_get_default
                0x00000000100012d8       0x2c CMakeFiles/LEDBlink.dir/home/austin/pico/pico-sdk/src/common/pico_time/time.c.obj
                0x00000000100012d8                alarm_pool_get_default
 .text.alarm_pool_add_alarm_at
                0x0000000010001304      0x168 CMakeFiles/LEDBlink.dir/home/austin/pico/pico-sdk/src/common/pico_time/time.c.obj
                0x0000000010001304                alarm_pool_add_alarm_at
 .text.alarm_pool_cancel_alarm
                0x000000001000146c       0xf8 CMakeFiles/LEDBlink.dir/home/austin/pico/pico-sdk/src/common/pico_time/time.c.obj
                0x000000001000146c                alarm_pool_cancel_alarm
 .text.alarm_pool_core_num
                0x0000000010001564        0x4 CMakeFiles/LEDBlink.dir/home/austin/pico/pico-sdk/src/common/pico_time/time.c.obj
                0x0000000010001564                alarm_pool_core_num
 .text.sleep_until
                0x0000000010001568       0xfc CMakeFiles/LEDBlink.dir/home/austin/pico/pico-sdk/src/common/pico_time/time.c.obj
                0x0000000010001568                sleep_until
 .text.sleep_us
                0x0000000010001664       0x58 CMakeFiles/LEDBlink.dir/home/austin/pico/pico-sdk/src/common/pico_time/time.c.obj
                0x0000000010001664                sleep_us
 .text.sleep_ms
                0x00000000100016bc       0x14 CMakeFiles/LEDBlink.dir/home/austin/pico/pico-sdk/src/common/pico_time/time.c.obj
                0x00000000100016bc                sleep_ms
 .text.best_effort_wfe_or_timeout
                0x00000000100016d0       0xac CMakeFiles/LEDBlink.dir/home/austin/pico/pico-sdk/src/common/pico_time/time.c.obj
                0x00000000100016d0                best_effort_wfe_or_timeout
 .text.hardware_alarm_irq_handler
                0x000000001000177c       0x90 CMakeFiles/LEDBlink.dir/home/austin/pico/pico-sdk/src/rp2_common/hardware_timer/timer.c.obj
 .text.hardware_alarm_claim
                0x000000001000180c       0x18 CMakeFiles/LEDBlink.dir/home/austin/pico/pico-sdk/src/rp2_common/hardware_timer/timer.c.obj
                0x000000001000180c                hardware_alarm_claim
 .text.time_us_64
                0x0000000010001824       0x18 CMakeFiles/LEDBlink.dir/home/austin/pico/pico-sdk/src/rp2_common/hardware_timer/timer.c.obj
                0x0000000010001824                time_us_64
 .text.busy_wait_until
                0x000000001000183c       0x28 CMakeFiles/LEDBlink.dir/home/austin/pico/pico-sdk/src/rp2_common/hardware_timer/timer.c.obj
                0x000000001000183c                busy_wait_until
 .text.busy_wait_us
                0x0000000010001864       0x48 CMakeFiles/LEDBlink.dir/home/austin/pico/pico-sdk/src/rp2_common/hardware_timer/timer.c.obj
                0x0000000010001864                busy_wait_us
 .text.hardware_alarm_set_callback
                0x00000000100018ac       0x90 CMakeFiles/LEDBlink.dir/home/austin/pico/pico-sdk/src/rp2_common/hardware_timer/timer.c.obj
                0x00000000100018ac                hardware_alarm_set_callback
 .text.hardware_alarm_set_target
                0x000000001000193c       0xe8 CMakeFiles/LEDBlink.dir/home/austin/pico/pico-sdk/src/rp2_common/hardware_timer/timer.c.obj
                0x000000001000193c                hardware_alarm_set_target
 .text.hardware_alarm_cancel
                0x0000000010001a24       0x40 CMakeFiles/LEDBlink.dir/home/austin/pico/pico-sdk/src/rp2_common/hardware_timer/timer.c.obj
                0x0000000010001a24                hardware_alarm_cancel
 .text.ph_add_child_node
                0x0000000010001a64       0xa4 CMakeFiles/LEDBlink.dir/home/austin/pico/pico-sdk/src/common/pico_util/pheap.c.obj
 .text.ph_merge_nodes
                0x0000000010001b08       0x3e CMakeFiles/LEDBlink.dir/home/austin/pico/pico-sdk/src/common/pico_util/pheap.c.obj
 *fill*         0x0000000010001b46        0x2 
 .text.ph_clear
                0x0000000010001b48       0x70 CMakeFiles/LEDBlink.dir/home/austin/pico/pico-sdk/src/common/pico_util/pheap.c.obj
                0x0000000010001b48                ph_clear
 .text.ph_post_alloc_init
                0x0000000010001bb8        0xe CMakeFiles/LEDBlink.dir/home/austin/pico/pico-sdk/src/common/pico_util/pheap.c.obj
                0x0000000010001bb8                ph_post_alloc_init
 *fill*         0x0000000010001bc6        0x2 
 .text.ph_merge_two_pass
                0x0000000010001bc8       0xa8 CMakeFiles/LEDBlink.dir/home/austin/pico/pico-sdk/src/common/pico_util/pheap.c.obj
                0x0000000010001bc8                ph_merge_two_pass
 .text.ph_remove_any_head
                0x0000000010001c70      0x128 CMakeFiles/LEDBlink.dir/home/austin/pico/pico-sdk/src/common/pico_util/pheap.c.obj
 .text.ph_remove_head
                0x0000000010001d98       0x14 CMakeFiles/LEDBlink.dir/home/austin/pico/pico-sdk/src/common/pico_util/pheap.c.obj
                0x0000000010001d98                ph_remove_head
 .text.ph_remove_and_free_node
                0x0000000010001dac       0xf8 CMakeFiles/LEDBlink.dir/home/austin/pico/pico-sdk/src/common/pico_util/pheap.c.obj
                0x0000000010001dac                ph_remove_and_free_node
 .text.uart_disable_before_lcr_write
                0x0000000010001ea4       0x48 CMakeFiles/LEDBlink.dir/home/austin/pico/pico-sdk/src/rp2_common/hardware_uart/uart.c.obj
 .text.uart_write_lcr_bits_masked
                0x0000000010001eec       0x22 CMakeFiles/LEDBlink.dir/home/austin/pico/pico-sdk/src/rp2_common/hardware_uart/uart.c.obj
 *fill*         0x0000000010001f0e        0x2 
 .text.uart_set_baudrate
                0x0000000010001f10       0x5c CMakeFiles/LEDBlink.dir/home/austin/pico/pico-sdk/src/rp2_common/hardware_uart/uart.c.obj
                0x0000000010001f10                uart_set_baudrate
 .text.uart_set_format
                0x0000000010001f6c       0x2c CMakeFiles/LEDBlink.dir/home/austin/pico/pico-sdk/src/rp2_common/hardware_uart/uart.c.obj
                0x0000000010001f6c                uart_set_format
 .text.uart_set_translate_crlf
                0x0000000010001f98       0x28 CMakeFiles/LEDBlink.dir/home/austin/pico/pico-sdk/src/rp2_common/hardware_uart/uart.c.obj
                0x0000000010001f98                uart_set_translate_crlf
 .text.uart_init
                0x0000000010001fc0       0x80 CMakeFiles/LEDBlink.dir/home/austin/pico/pico-sdk/src/rp2_common/hardware_uart/uart.c.obj
                0x0000000010001fc0                uart_init
 .text.clock_configure
                0x0000000010002040      0x108 CMakeFiles/LEDBlink.dir/home/austin/pico/pico-sdk/src/rp2_common/hardware_clocks/clocks.c.obj
                0x0000000010002040                clock_configure
 .text.clocks_init
                0x0000000010002148      0x100 CMakeFiles/LEDBlink.dir/home/austin/pico/pico-sdk/src/rp2_common/hardware_clocks/clocks.c.obj
                0x0000000010002148                clocks_init
 .text.clock_get_hz
                0x0000000010002248        0xc CMakeFiles/LEDBlink.dir/home/austin/pico/pico-sdk/src/rp2_common/hardware_clocks/clocks.c.obj
                0x0000000010002248                clock_get_hz
 .text.pll_init
                0x0000000010002254      0x120 CMakeFiles/LEDBlink.dir/home/austin/pico/pico-sdk/src/rp2_common/hardware_pll/pll.c.obj
                0x0000000010002254                pll_init
 .text.watchdog_start_tick
                0x0000000010002374       0x10 CMakeFiles/LEDBlink.dir/home/austin/pico/pico-sdk/src/rp2_common/hardware_watchdog/watchdog.c.obj
                0x0000000010002374                watchdog_start_tick
 .text.watchdog_update
                0x0000000010002384       0x14 CMakeFiles/LEDBlink.dir/home/austin/pico/pico-sdk/src/rp2_common/hardware_watchdog/watchdog.c.obj
                0x0000000010002384                watchdog_update
 .text._watchdog_enable
                0x0000000010002398       0x78 CMakeFiles/LEDBlink.dir/home/austin/pico/pico-sdk/src/rp2_common/hardware_watchdog/watchdog.c.obj
                0x0000000010002398                _watchdog_enable
 .text.watchdog_reboot
                0x0000000010002410       0x48 CMakeFiles/LEDBlink.dir/home/austin/pico/pico-sdk/src/rp2_common/hardware_watchdog/watchdog.c.obj
                0x0000000010002410                watchdog_reboot
 .text.xosc_init
                0x0000000010002458       0x28 CMakeFiles/LEDBlink.dir/home/austin/pico/pico-sdk/src/rp2_common/hardware_xosc/xosc.c.obj
                0x0000000010002458                xosc_init
 .text._exit    0x0000000010002480        0x4 CMakeFiles/LEDBlink.dir/home/austin/pico/pico-sdk/src/rp2_common/pico_runtime/runtime.c.obj
                0x0000000010002480                _exit
 .text.exit     0x0000000010002484        0x6 CMakeFiles/LEDBlink.dir/home/austin/pico/pico-sdk/src/rp2_common/pico_runtime/runtime.c.obj
                0x0000000010002484                exit
 *fill*         0x000000001000248a        0x2 
 .text.__assert_func
                0x000000001000248c       0x3c CMakeFiles/LEDBlink.dir/home/austin/pico/pico-sdk/src/rp2_common/pico_runtime/runtime.c.obj
                0x000000001000248c                __assert_func
 .text.runtime_init
                0x00000000100024c8       0xf8 CMakeFiles/LEDBlink.dir/home/austin/pico/pico-sdk/src/rp2_common/pico_runtime/runtime.c.obj
                0x00000000100024c8                runtime_init
 .text.panic    0x00000000100025c0       0x30 CMakeFiles/LEDBlink.dir/home/austin/pico/pico-sdk/src/rp2_common/pico_runtime/runtime.c.obj
                0x00000000100025c0                panic
 .text._out_null
                0x00000000100025f0        0x2 CMakeFiles/LEDBlink.dir/home/austin/pico/pico-sdk/src/rp2_common/pico_printf/printf.c.obj
 .text._out_fct
                0x00000000100025f2        0xe CMakeFiles/LEDBlink.dir/home/austin/pico/pico-sdk/src/rp2_common/pico_printf/printf.c.obj
 .text._atoi    0x0000000010002600       0x24 CMakeFiles/LEDBlink.dir/home/austin/pico/pico-sdk/src/rp2_common/pico_printf/printf.c.obj
 .text._out_rev
                0x0000000010002624       0xae CMakeFiles/LEDBlink.dir/home/austin/pico/pico-sdk/src/rp2_common/pico_printf/printf.c.obj
 .text._ntoa_format
                0x00000000100026d2      0x112 CMakeFiles/LEDBlink.dir/home/austin/pico/pico-sdk/src/rp2_common/pico_printf/printf.c.obj
 .text._ntoa_long
                0x00000000100027e4       0xbc CMakeFiles/LEDBlink.dir/home/austin/pico/pico-sdk/src/rp2_common/pico_printf/printf.c.obj
 .text._ntoa_long_long
                0x00000000100028a0       0xe2 CMakeFiles/LEDBlink.dir/home/austin/pico/pico-sdk/src/rp2_common/pico_printf/printf.c.obj
 *fill*         0x0000000010002982        0x2 
 .text._etoa    0x0000000010002984      0x414 CMakeFiles/LEDBlink.dir/home/austin/pico/pico-sdk/src/rp2_common/pico_printf/printf.c.obj
 .text._ftoa    0x0000000010002d98      0x354 CMakeFiles/LEDBlink.dir/home/austin/pico/pico-sdk/src/rp2_common/pico_printf/printf.c.obj
 .text._vsnprintf
                0x00000000100030ec      0x624 CMakeFiles/LEDBlink.dir/home/austin/pico/pico-sdk/src/rp2_common/pico_printf/printf.c.obj
 .text.vfctprintf
                0x0000000010003710       0x20 CMakeFiles/LEDBlink.dir/home/austin/pico/pico-sdk/src/rp2_common/pico_printf/printf.c.obj
                0x0000000010003710                vfctprintf
 .text          0x0000000010003730       0x10 CMakeFiles/LEDBlink.dir/home/austin/pico/pico-sdk/src/rp2_common/pico_bit_ops/bit_ops_aeabi.S.obj
 .text.rom_func_lookup
                0x0000000010003740       0x10 CMakeFiles/LEDBlink.dir/home/austin/pico/pico-sdk/src/rp2_common/pico_bootrom/bootrom.c.obj
                0x0000000010003740                rom_func_lookup
 .text.rom_data_lookup
                0x0000000010003750       0x10 CMakeFiles/LEDBlink.dir/home/austin/pico/pico-sdk/src/rp2_common/pico_bootrom/bootrom.c.obj
                0x0000000010003750                rom_data_lookup
 .text.rom_funcs_lookup
                0x0000000010003760       0x36 CMakeFiles/LEDBlink.dir/home/austin/pico/pico-sdk/src/rp2_common/pico_bootrom/bootrom.c.obj
                0x0000000010003760                rom_funcs_lookup
 *fill*         0x0000000010003796        0x2 
 .text.__wrap___aeabi_idiv
                0x0000000010003798       0x50 CMakeFiles/LEDBlink.dir/home/austin/pico/pico-sdk/src/rp2_common/pico_divider/divider.S.obj
                0x0000000010003798                __wrap___aeabi_idivmod
                0x0000000010003798                divmod_s32s32
                0x0000000010003798                div_s32s32
                0x0000000010003798                __wrap___aeabi_idiv
                0x00000000100037a0                divmod_s32s32_unsafe
                0x00000000100037cc                divmod_s32s32_savestate
 .text.__wrap___aeabi_uidiv
                0x00000000100037e8       0x4c CMakeFiles/LEDBlink.dir/home/austin/pico/pico-sdk/src/rp2_common/pico_divider/divider.S.obj
                0x00000000100037e8                __wrap___aeabi_uidiv
                0x00000000100037e8                __wrap___aeabi_uidivmod
                0x00000000100037e8                div_u32u32
                0x00000000100037e8                divmod_u32u32
                0x00000000100037f0                divmod_u32u32_unsafe
                0x0000000010003818                divmod_u32u32_savestate
 .text.__wrap___aeabi_ldiv
                0x0000000010003834      0x424 CMakeFiles/LEDBlink.dir/home/austin/pico/pico-sdk/src/rp2_common/pico_divider/divider.S.obj
                0x0000000010003834                div_s64s64
                0x0000000010003834                divmod_s64s64
                0x0000000010003834                __wrap___aeabi_ldivmod
                0x0000000010003864                div_u64u64
                0x0000000010003864                divmod_u64u64
                0x0000000010003864                __wrap___aeabi_uldivmod
                0x0000000010003874                divmod_u64u64_savestate
                0x0000000010003894                divmod_s64s64_unsafe
                0x000000001000391c                divmod_u64u64_unsafe
 .text.__wrap___aeabi_darithmetic
                0x0000000010003c58       0x80 CMakeFiles/LEDBlink.dir/home/austin/pico/pico-sdk/src/rp2_common/pico_double/double_aeabi.S.obj
                0x0000000010003c58                __wrap___aeabi_drsub
                0x0000000010003c5e                __wrap___aeabi_dsub
                0x0000000010003c70                __wrap___aeabi_dadd
                0x0000000010003c82                __wrap___aeabi_ddiv
                0x0000000010003cbe                __wrap___aeabi_dmul
 .text.__wrap___aeabi_cdcmple
                0x0000000010003cd8       0x6c CMakeFiles/LEDBlink.dir/home/austin/pico/pico-sdk/src/rp2_common/pico_double/double_aeabi.S.obj
                0x0000000010003cd8                __wrap___aeabi_cdrcmple
                0x0000000010003ce8                __wrap___aeabi_cdcmple
                0x0000000010003ce8                __wrap___aeabi_cdcmpeq
 .text.__wrap___aeabi_dcmplt
                0x0000000010003d44        0xc CMakeFiles/LEDBlink.dir/home/austin/pico/pico-sdk/src/rp2_common/pico_double/double_aeabi.S.obj
                0x0000000010003d44                __wrap___aeabi_dcmplt
 .text.__wrap___aeabi_dcmple
                0x0000000010003d50       0x10 CMakeFiles/LEDBlink.dir/home/austin/pico/pico-sdk/src/rp2_common/pico_double/double_aeabi.S.obj
                0x0000000010003d50                __wrap___aeabi_dcmple
 .text.__wrap___aeabi_dcmpge
                0x0000000010003d60       0x10 CMakeFiles/LEDBlink.dir/home/austin/pico/pico-sdk/src/rp2_common/pico_double/double_aeabi.S.obj
                0x0000000010003d60                __wrap___aeabi_dcmpge
 .text.__wrap___aeabi_dcmpgt
                0x0000000010003d70        0xa CMakeFiles/LEDBlink.dir/home/austin/pico/pico-sdk/src/rp2_common/pico_double/double_aeabi.S.obj
                0x0000000010003d70                __wrap___aeabi_dcmpgt
 .text.__wrap___aeabi_dcmpun
                0x0000000010003d7a       0x1c CMakeFiles/LEDBlink.dir/home/austin/pico/pico-sdk/src/rp2_common/pico_double/double_aeabi.S.obj
                0x0000000010003d7a                __wrap___aeabi_dcmpun
 *fill*         0x0000000010003d96        0x2 
 .text.__wrap___aeabi_i2d
                0x0000000010003d98       0x38 CMakeFiles/LEDBlink.dir/home/austin/pico/pico-sdk/src/rp2_common/pico_double/double_aeabi.S.obj
                0x0000000010003d98                __wrap___aeabi_ui2d
                0x0000000010003da0                __wrap___aeabi_i2d
 .text.__wrap___aeabi_d2iz
                0x0000000010003dd0       0x48 CMakeFiles/LEDBlink.dir/home/austin/pico/pico-sdk/src/rp2_common/pico_double/double_aeabi.S.obj
                0x0000000010003dd0                __wrap___aeabi_d2iz
                0x0000000010003dd0                double2int_z
 .text.__wrap___aeabi_d2uiz
                0x0000000010003e18       0x18 CMakeFiles/LEDBlink.dir/home/austin/pico/pico-sdk/src/rp2_common/pico_double/double_aeabi.S.obj
                0x0000000010003e18                double2uint
                0x0000000010003e18                __wrap___aeabi_d2uiz
 .text.__aeabi_double_init
                0x0000000010003e30       0xc8 CMakeFiles/LEDBlink.dir/home/austin/pico/pico-sdk/src/rp2_common/pico_double/double_init_rom.c.obj
                0x0000000010003e30                __aeabi_double_init
 .text.double_table_shim_on_use_helper
                0x0000000010003ef8       0x34 CMakeFiles/LEDBlink.dir/home/austin/pico/pico-sdk/src/rp2_common/pico_double/double_v1_rom_shim.S.obj
                0x0000000010003ef8                double_table_shim_on_use_helper
 .text.__wrap___aeabi_dsub
                0x0000000010003f2c       0x10 CMakeFiles/LEDBlink.dir/home/austin/pico/pico-sdk/src/rp2_common/pico_double/double_v1_rom_shim.S.obj
                0x0000000010003f2c                drsub_shim
                0x0000000010003f32                dsub_shim
 .text.dadd_shim
                0x0000000010003f3c      0x15c CMakeFiles/LEDBlink.dir/home/austin/pico/pico-sdk/src/rp2_common/pico_double/double_v1_rom_shim.S.obj
                0x0000000010003f3c                dadd_shim
 .text.dmul_shim
                0x0000000010004098      0x15c CMakeFiles/LEDBlink.dir/home/austin/pico/pico-sdk/src/rp2_common/pico_double/double_v1_rom_shim.S.obj
                0x0000000010004098                dmul_shim
 .text.ddiv_shim
                0x00000000100041f4      0x1b0 CMakeFiles/LEDBlink.dir/home/austin/pico/pico-sdk/src/rp2_common/pico_double/double_v1_rom_shim.S.obj
                0x00000000100041f4                ddiv_shim
 .text.double2uint_shim
                0x00000000100043a4        0xe CMakeFiles/LEDBlink.dir/home/austin/pico/pico-sdk/src/rp2_common/pico_double/double_v1_rom_shim.S.obj
                0x00000000100043a4                double2uint_shim
                0x00000000100043a6                double2ufix_shim
 *fill*         0x00000000100043b2        0x2 
 .text.double2uint64_shim
                0x00000000100043b4       0x70 CMakeFiles/LEDBlink.dir/home/austin/pico/pico-sdk/src/rp2_common/pico_double/double_v1_rom_shim.S.obj
                0x00000000100043b4                double2uint64_shim
                0x00000000100043b6                double2ufix64_shim
                0x00000000100043d6                d2fix_a
 .text.dunpacks
                0x0000000010004424       0x3c CMakeFiles/LEDBlink.dir/home/austin/pico/pico-sdk/src/rp2_common/pico_double/double_v1_rom_shim.S.obj
                0x0000000010004424                dunpacks
 .text.__aeabi_lmul
                0x0000000010004460       0x32 CMakeFiles/LEDBlink.dir/home/austin/pico/pico-sdk/src/rp2_common/pico_int64_ops/pico_int64_ops_aeabi.S.obj
                0x0000000010004460                __wrap___aeabi_lmul
 *fill*         0x0000000010004492        0x2 
 .text.__aeabi_float_init
                0x0000000010004494       0xfc CMakeFiles/LEDBlink.dir/home/austin/pico/pico-sdk/src/rp2_common/pico_float/float_init_rom.c.obj
                0x0000000010004494                __aeabi_float_init
 .text.float_table_shim_on_use_helper
                0x0000000010004590       0x34 CMakeFiles/LEDBlink.dir/home/austin/pico/pico-sdk/src/rp2_common/pico_float/float_v1_rom_shim.S.obj
                0x0000000010004590                float_table_shim_on_use_helper
 .text          0x00000000100045c4       0x10 CMakeFiles/LEDBlink.dir/home/austin/pico/pico-sdk/src/rp2_common/pico_mem_ops/mem_ops_aeabi.S.obj
                0x00000000100045c4                __aeabi_mem_init
 .text.memset   0x00000000100045d4        0xc CMakeFiles/LEDBlink.dir/home/austin/pico/pico-sdk/src/rp2_common/pico_mem_ops/mem_ops_aeabi.S.obj
                0x00000000100045d4                __wrap_memset
 .text.memcpy   0x00000000100045e0        0xc CMakeFiles/LEDBlink.dir/home/austin/pico/pico-sdk/src/rp2_common/pico_mem_ops/mem_ops_aeabi.S.obj
                0x00000000100045e0                __wrap___aeabi_memcpy
                0x00000000100045e0                __wrap_memcpy
 .text.stdio_out_chars_no_crlf
                0x00000000100045ec        0xe CMakeFiles/LEDBlink.dir/home/austin/pico/pico-sdk/src/rp2_common/pico_stdio/stdio.c.obj
 *fill*         0x00000000100045fa        0x2 
 .text.stdio_out_chars_crlf
                0x00000000100045fc       0x80 CMakeFiles/LEDBlink.dir/home/austin/pico/pico-sdk/src/rp2_common/pico_stdio/stdio.c.obj
 .text.stdio_stack_buffer_flush
                0x000000001000467c       0x44 CMakeFiles/LEDBlink.dir/home/austin/pico/pico-sdk/src/rp2_common/pico_stdio/stdio.c.obj
 .text.stdio_buffered_printer
                0x00000000100046c0       0x20 CMakeFiles/LEDBlink.dir/home/austin/pico/pico-sdk/src/rp2_common/pico_stdio/stdio.c.obj
 .text.stdout_serialize_begin
                0x00000000100046e0       0x5c CMakeFiles/LEDBlink.dir/home/austin/pico/pico-sdk/src/rp2_common/pico_stdio/stdio.c.obj
                0x00000000100046e0                stdout_serialize_begin
 .text.stdout_serialize_end
                0x000000001000473c       0x10 CMakeFiles/LEDBlink.dir/home/austin/pico/pico-sdk/src/rp2_common/pico_stdio/stdio.c.obj
                0x000000001000473c                stdout_serialize_end
 .text.stdio_put_string
                0x000000001000474c       0x98 CMakeFiles/LEDBlink.dir/home/austin/pico/pico-sdk/src/rp2_common/pico_stdio/stdio.c.obj
 .text.stdio_set_driver_enabled
                0x00000000100047e4       0x2c CMakeFiles/LEDBlink.dir/home/austin/pico/pico-sdk/src/rp2_common/pico_stdio/stdio.c.obj
                0x00000000100047e4                stdio_set_driver_enabled
 .text.stdio_flush
                0x0000000010004810       0x20 CMakeFiles/LEDBlink.dir/home/austin/pico/pico-sdk/src/rp2_common/pico_stdio/stdio.c.obj
                0x0000000010004810                stdio_flush
 .text.__wrap_puts
                0x0000000010004830       0x1e CMakeFiles/LEDBlink.dir/home/austin/pico/pico-sdk/src/rp2_common/pico_stdio/stdio.c.obj
                0x0000000010004830                __wrap_puts
 *fill*         0x000000001000484e        0x2 
 .text.__wrap_vprintf
                0x0000000010004850       0x40 CMakeFiles/LEDBlink.dir/home/austin/pico/pico-sdk/src/rp2_common/pico_stdio/stdio.c.obj
                0x0000000010004850                __wrap_vprintf
 .text.__wrap_printf
                0x0000000010004890       0x18 CMakeFiles/LEDBlink.dir/home/austin/pico/pico-sdk/src/rp2_common/pico_stdio/stdio.c.obj
                0x0000000010004890                __wrap_printf
 .text.stdio_init_all
                0x00000000100048a8        0xe CMakeFiles/LEDBlink.dir/home/austin/pico/pico-sdk/src/rp2_common/pico_stdio/stdio.c.obj
                0x00000000100048a8                stdio_init_all
 *fill*         0x00000000100048b6        0x2 
 .text.stdio_uart_out_chars
                0x00000000100048b8       0x74 CMakeFiles/LEDBlink.dir/home/austin/pico/pico-sdk/src/rp2_common/pico_stdio_uart/stdio_uart.c.obj
 .text.stdio_uart_in_chars
                0x000000001000492c       0x80 CMakeFiles/LEDBlink.dir/home/austin/pico/pico-sdk/src/rp2_common/pico_stdio_uart/stdio_uart.c.obj
                0x000000001000492c                stdio_uart_in_chars
 .text.on_uart_rx
                0x00000000100049ac       0x28 CMakeFiles/LEDBlink.dir/home/austin/pico/pico-sdk/src/rp2_common/pico_stdio_uart/stdio_uart.c.obj
 .text.stdio_uart_set_chars_available_callback
                0x00000000100049d4       0x8c CMakeFiles/LEDBlink.dir/home/austin/pico/pico-sdk/src/rp2_common/pico_stdio_uart/stdio_uart.c.obj
 .text.stdio_uart_init_full
                0x0000000010004a60       0x44 CMakeFiles/LEDBlink.dir/home/austin/pico/pico-sdk/src/rp2_common/pico_stdio_uart/stdio_uart.c.obj
                0x0000000010004a60                stdio_uart_init_full
 .text.stdio_uart_init
                0x0000000010004aa4       0x28 CMakeFiles/LEDBlink.dir/home/austin/pico/pico-sdk/src/rp2_common/pico_stdio_uart/stdio_uart.c.obj
                0x0000000010004aa4                stdio_uart_init
 .text.resetd_init
                0x0000000010004acc        0x2 CMakeFiles/LEDBlink.dir/home/austin/pico/pico-sdk/src/rp2_common/pico_stdio_usb/reset_interface.c.obj
 *fill*         0x0000000010004ace        0x2 
 .text.resetd_reset
                0x0000000010004ad0        0xc CMakeFiles/LEDBlink.dir/home/austin/pico/pico-sdk/src/rp2_common/pico_stdio_usb/reset_interface.c.obj
 .text.resetd_open
                0x0000000010004adc       0x34 CMakeFiles/LEDBlink.dir/home/austin/pico/pico-sdk/src/rp2_common/pico_stdio_usb/reset_interface.c.obj
 .text.resetd_xfer_cb
                0x0000000010004b10        0x4 CMakeFiles/LEDBlink.dir/home/austin/pico/pico-sdk/src/rp2_common/pico_stdio_usb/reset_interface.c.obj
 .text.reset_usb_boot
                0x0000000010004b14       0x18 CMakeFiles/LEDBlink.dir/home/austin/pico/pico-sdk/src/rp2_common/pico_stdio_usb/reset_interface.c.obj
 .text.resetd_control_xfer_cb
                0x0000000010004b2c       0x5c CMakeFiles/LEDBlink.dir/home/austin/pico/pico-sdk/src/rp2_common/pico_stdio_usb/reset_interface.c.obj
 .text.usbd_app_driver_get_cb
                0x0000000010004b88        0xc CMakeFiles/LEDBlink.dir/home/austin/pico/pico-sdk/src/rp2_common/pico_stdio_usb/reset_interface.c.obj
                0x0000000010004b88                usbd_app_driver_get_cb
 .text.tud_cdc_line_coding_cb
                0x0000000010004b94       0x28 CMakeFiles/LEDBlink.dir/home/austin/pico/pico-sdk/src/rp2_common/pico_stdio_usb/reset_interface.c.obj
                0x0000000010004b94                tud_cdc_line_coding_cb
 .text.stdio_usb_set_chars_available_callback
                0x0000000010004bbc       0x14 CMakeFiles/LEDBlink.dir/home/austin/pico/pico-sdk/src/rp2_common/pico_stdio_usb/stdio_usb.c.obj
                0x0000000010004bbc                stdio_usb_set_chars_available_callback
 .text.usb_irq  0x0000000010004bd0       0x10 CMakeFiles/LEDBlink.dir/home/austin/pico/pico-sdk/src/rp2_common/pico_stdio_usb/stdio_usb.c.obj
 .text.timer_task
                0x0000000010004be0       0x5c CMakeFiles/LEDBlink.dir/home/austin/pico/pico-sdk/src/rp2_common/pico_stdio_usb/stdio_usb.c.obj
 .text.low_priority_worker_irq
                0x0000000010004c3c       0xdc CMakeFiles/LEDBlink.dir/home/austin/pico/pico-sdk/src/rp2_common/pico_stdio_usb/stdio_usb.c.obj
 .text.tud_cdc_rx_cb
                0x0000000010004d18       0x20 CMakeFiles/LEDBlink.dir/home/austin/pico/pico-sdk/src/rp2_common/pico_stdio_usb/stdio_usb.c.obj
                0x0000000010004d18                tud_cdc_rx_cb
 .text.stdio_usb_init
                0x0000000010004d38      0x11c CMakeFiles/LEDBlink.dir/home/austin/pico/pico-sdk/src/rp2_common/pico_stdio_usb/stdio_usb.c.obj
                0x0000000010004d38                stdio_usb_init
 .text.stdio_usb_connected
                0x0000000010004e54        0xa CMakeFiles/LEDBlink.dir/home/austin/pico/pico-sdk/src/rp2_common/pico_stdio_usb/stdio_usb.c.obj
                0x0000000010004e54                stdio_usb_connected
 *fill*         0x0000000010004e5e        0x2 
 .text.stdio_usb_in_chars
                0x0000000010004e60       0xc4 CMakeFiles/LEDBlink.dir/home/austin/pico/pico-sdk/src/rp2_common/pico_stdio_usb/stdio_usb.c.obj
                0x0000000010004e60                stdio_usb_in_chars
 .text.stdio_usb_out_chars
                0x0000000010004f24      0x114 CMakeFiles/LEDBlink.dir/home/austin/pico/pico-sdk/src/rp2_common/pico_stdio_usb/stdio_usb.c.obj
 .text.tud_descriptor_device_cb
                0x0000000010005038        0x8 CMakeFiles/LEDBlink.dir/home/austin/pico/pico-sdk/src/rp2_common/pico_stdio_usb/stdio_usb_descriptors.c.obj
                0x0000000010005038                tud_descriptor_device_cb
 .text.tud_descriptor_configuration_cb
                0x0000000010005040        0x8 CMakeFiles/LEDBlink.dir/home/austin/pico/pico-sdk/src/rp2_common/pico_stdio_usb/stdio_usb_descriptors.c.obj
                0x0000000010005040                tud_descriptor_configuration_cb
 .text.tud_descriptor_string_cb
                0x0000000010005048       0x6c CMakeFiles/LEDBlink.dir/home/austin/pico/pico-sdk/src/rp2_common/pico_stdio_usb/stdio_usb_descriptors.c.obj
                0x0000000010005048                tud_descriptor_string_cb
 .text._retrieve_unique_id_on_boot
                0x00000000100050b4       0x10 CMakeFiles/LEDBlink.dir/home/austin/pico/pico-sdk/src/rp2_common/pico_unique_id/unique_id.c.obj
 .text.pico_get_unique_board_id_string
                0x00000000100050c4       0x60 CMakeFiles/LEDBlink.dir/home/austin/pico/pico-sdk/src/rp2_common/pico_unique_id/unique_id.c.obj
                0x00000000100050c4                pico_get_unique_board_id_string
 .text.flash_get_unique_id
                0x0000000010005124       0x46 CMakeFiles/LEDBlink.dir/home/austin/pico/pico-sdk/src/rp2_common/hardware_flash/flash.c.obj
                0x0000000010005124                flash_get_unique_id
 *fill*         0x000000001000516a        0x2 
 .text.hw_endpoint_get_by_addr
                0x000000001000516c       0x18 CMakeFiles/LEDBlink.dir/home/austin/pico/pico-sdk/lib/tinyusb/src/portable/raspberrypi/rp2040/dcd_rp2040.c.obj
 .text._hw_endpoint_alloc
                0x0000000010005184       0x70 CMakeFiles/LEDBlink.dir/home/austin/pico/pico-sdk/lib/tinyusb/src/portable/raspberrypi/rp2040/dcd_rp2040.c.obj
 .text.hw_endpoint_init
                0x00000000100051f4       0x88 CMakeFiles/LEDBlink.dir/home/austin/pico/pico-sdk/lib/tinyusb/src/portable/raspberrypi/rp2040/dcd_rp2040.c.obj
 .text.hw_endpoint_xfer
                0x000000001000527c       0x14 CMakeFiles/LEDBlink.dir/home/austin/pico/pico-sdk/lib/tinyusb/src/portable/raspberrypi/rp2040/dcd_rp2040.c.obj
 .text.dcd_int_enable
                0x0000000010005290       0x2c CMakeFiles/LEDBlink.dir/home/austin/pico/pico-sdk/lib/tinyusb/src/portable/raspberrypi/rp2040/dcd_rp2040.c.obj
                0x0000000010005290                dcd_int_enable
 .text.dcd_set_address
                0x00000000100052bc       0x2c CMakeFiles/LEDBlink.dir/home/austin/pico/pico-sdk/lib/tinyusb/src/portable/raspberrypi/rp2040/dcd_rp2040.c.obj
                0x00000000100052bc                dcd_set_address
 .text.dcd_connect
                0x00000000100052e8       0x10 CMakeFiles/LEDBlink.dir/home/austin/pico/pico-sdk/lib/tinyusb/src/portable/raspberrypi/rp2040/dcd_rp2040.c.obj
                0x00000000100052e8                dcd_connect
 .text.dcd_init
                0x00000000100052f8       0x80 CMakeFiles/LEDBlink.dir/home/austin/pico/pico-sdk/lib/tinyusb/src/portable/raspberrypi/rp2040/dcd_rp2040.c.obj
                0x00000000100052f8                dcd_init
 .text.dcd_edpt0_status_complete
                0x0000000010005378       0x1c CMakeFiles/LEDBlink.dir/home/austin/pico/pico-sdk/lib/tinyusb/src/portable/raspberrypi/rp2040/dcd_rp2040.c.obj
                0x0000000010005378                dcd_edpt0_status_complete
 .text.dcd_edpt_open
                0x0000000010005394       0x40 CMakeFiles/LEDBlink.dir/home/austin/pico/pico-sdk/lib/tinyusb/src/portable/raspberrypi/rp2040/dcd_rp2040.c.obj
                0x0000000010005394                dcd_edpt_open
 .text.dcd_edpt_close_all
                0x00000000100053d4        0x8 CMakeFiles/LEDBlink.dir/home/austin/pico/pico-sdk/lib/tinyusb/src/portable/raspberrypi/rp2040/dcd_rp2040.c.obj
                0x00000000100053d4                dcd_edpt_close_all
 .text.dcd_edpt_xfer
                0x00000000100053dc       0x34 CMakeFiles/LEDBlink.dir/home/austin/pico/pico-sdk/lib/tinyusb/src/portable/raspberrypi/rp2040/dcd_rp2040.c.obj
                0x00000000100053dc                dcd_edpt_xfer
 .text.dcd_edpt_stall
                0x0000000010005410       0x2c CMakeFiles/LEDBlink.dir/home/austin/pico/pico-sdk/lib/tinyusb/src/portable/raspberrypi/rp2040/dcd_rp2040.c.obj
                0x0000000010005410                dcd_edpt_stall
 .text.dcd_edpt_clear_stall
                0x000000001000543c       0x20 CMakeFiles/LEDBlink.dir/home/austin/pico/pico-sdk/lib/tinyusb/src/portable/raspberrypi/rp2040/dcd_rp2040.c.obj
                0x000000001000543c                dcd_edpt_clear_stall
 .text.rp2040_usb_init
                0x000000001000545c       0x4c CMakeFiles/LEDBlink.dir/home/austin/pico/pico-sdk/lib/tinyusb/src/portable/raspberrypi/rp2040/rp2040_usb.c.obj
                0x000000001000545c                rp2040_usb_init
 .text.hw_endpoint_xfer_start
                0x00000000100054a8       0x50 CMakeFiles/LEDBlink.dir/home/austin/pico/pico-sdk/lib/tinyusb/src/portable/raspberrypi/rp2040/rp2040_usb.c.obj
                0x00000000100054a8                hw_endpoint_xfer_start
 .text.configuration_reset
                0x00000000100054f8       0x84 CMakeFiles/LEDBlink.dir/home/austin/pico/pico-sdk/lib/tinyusb/src/device/usbd.c.obj
 .text.usbd_reset
                0x000000001000557c        0xc CMakeFiles/LEDBlink.dir/home/austin/pico/pico-sdk/lib/tinyusb/src/device/usbd.c.obj
 .text.invoke_class_control
                0x0000000010005588       0x1a CMakeFiles/LEDBlink.dir/home/austin/pico/pico-sdk/lib/tinyusb/src/device/usbd.c.obj
 *fill*         0x00000000100055a2        0x2 
 .text.process_set_config
                0x00000000100055a4      0x178 CMakeFiles/LEDBlink.dir/home/austin/pico/pico-sdk/lib/tinyusb/src/device/usbd.c.obj
 .text.process_get_descriptor
                0x000000001000571c       0xdc CMakeFiles/LEDBlink.dir/home/austin/pico/pico-sdk/lib/tinyusb/src/device/usbd.c.obj
 .text.tud_mounted
                0x00000000100057f8       0x10 CMakeFiles/LEDBlink.dir/home/austin/pico/pico-sdk/lib/tinyusb/src/device/usbd.c.obj
                0x00000000100057f8                tud_mounted
 .text.tud_suspended
                0x0000000010005808       0x10 CMakeFiles/LEDBlink.dir/home/austin/pico/pico-sdk/lib/tinyusb/src/device/usbd.c.obj
                0x0000000010005808                tud_suspended
 .text.tud_inited
                0x0000000010005818       0x14 CMakeFiles/LEDBlink.dir/home/austin/pico/pico-sdk/lib/tinyusb/src/device/usbd.c.obj
                0x0000000010005818                tud_inited
 .text.tud_init
                0x000000001000582c       0xcc CMakeFiles/LEDBlink.dir/home/austin/pico/pico-sdk/lib/tinyusb/src/device/usbd.c.obj
                0x000000001000582c                tud_init
 .text.usbd_defer_func
                0x00000000100058f8       0x2a CMakeFiles/LEDBlink.dir/home/austin/pico/pico-sdk/lib/tinyusb/src/device/usbd.c.obj
                0x00000000100058f8                usbd_defer_func
 *fill*         0x0000000010005922        0x2 
 .text.usbd_edpt_open
                0x0000000010005924       0x34 CMakeFiles/LEDBlink.dir/home/austin/pico/pico-sdk/lib/tinyusb/src/device/usbd.c.obj
                0x0000000010005924                usbd_edpt_open
 .text.usbd_open_edpt_pair
                0x0000000010005958       0x62 CMakeFiles/LEDBlink.dir/home/austin/pico/pico-sdk/lib/tinyusb/src/device/usbd.c.obj
                0x0000000010005958                usbd_open_edpt_pair
 *fill*         0x00000000100059ba        0x2 
 .text.usbd_edpt_claim
                0x00000000100059bc       0x28 CMakeFiles/LEDBlink.dir/home/austin/pico/pico-sdk/lib/tinyusb/src/device/usbd.c.obj
                0x00000000100059bc                usbd_edpt_claim
 .text.usbd_edpt_release
                0x00000000100059e4       0x28 CMakeFiles/LEDBlink.dir/home/austin/pico/pico-sdk/lib/tinyusb/src/device/usbd.c.obj
                0x00000000100059e4                usbd_edpt_release
 .text.usbd_edpt_xfer
                0x0000000010005a0c       0x78 CMakeFiles/LEDBlink.dir/home/austin/pico/pico-sdk/lib/tinyusb/src/device/usbd.c.obj
                0x0000000010005a0c                usbd_edpt_xfer
 .text.usbd_edpt_stall
                0x0000000010005a84       0x48 CMakeFiles/LEDBlink.dir/home/austin/pico/pico-sdk/lib/tinyusb/src/device/usbd.c.obj
                0x0000000010005a84                usbd_edpt_stall
 .text.usbd_edpt_clear_stall
                0x0000000010005acc       0x48 CMakeFiles/LEDBlink.dir/home/austin/pico/pico-sdk/lib/tinyusb/src/device/usbd.c.obj
                0x0000000010005acc                usbd_edpt_clear_stall
 .text.usbd_edpt_stalled
                0x0000000010005b14       0x1c CMakeFiles/LEDBlink.dir/home/austin/pico/pico-sdk/lib/tinyusb/src/device/usbd.c.obj
                0x0000000010005b14                usbd_edpt_stalled
 .text.process_control_request
                0x0000000010005b30      0x37c CMakeFiles/LEDBlink.dir/home/austin/pico/pico-sdk/lib/tinyusb/src/device/usbd.c.obj
 .text.tud_task_ext
                0x0000000010005eac      0x1b8 CMakeFiles/LEDBlink.dir/home/austin/pico/pico-sdk/lib/tinyusb/src/device/usbd.c.obj
                0x0000000010005eac                tud_task_ext
 .text._data_stage_xact
                0x0000000010006064       0x58 CMakeFiles/LEDBlink.dir/home/austin/pico/pico-sdk/lib/tinyusb/src/device/usbd_control.c.obj
 .text.tud_control_status
                0x00000000100060bc       0x38 CMakeFiles/LEDBlink.dir/home/austin/pico/pico-sdk/lib/tinyusb/src/device/usbd_control.c.obj
                0x00000000100060bc                tud_control_status
 .text.tud_control_xfer
                0x00000000100060f4       0x74 CMakeFiles/LEDBlink.dir/home/austin/pico/pico-sdk/lib/tinyusb/src/device/usbd_control.c.obj
                0x00000000100060f4                tud_control_xfer
 .text.usbd_control_reset
                0x0000000010006168       0x14 CMakeFiles/LEDBlink.dir/home/austin/pico/pico-sdk/lib/tinyusb/src/device/usbd_control.c.obj
                0x0000000010006168                usbd_control_reset
 .text.usbd_control_set_complete_callback
                0x000000001000617c        0xc CMakeFiles/LEDBlink.dir/home/austin/pico/pico-sdk/lib/tinyusb/src/device/usbd_control.c.obj
                0x000000001000617c                usbd_control_set_complete_callback
 .text.usbd_control_set_request
                0x0000000010006188       0x1c CMakeFiles/LEDBlink.dir/home/austin/pico/pico-sdk/lib/tinyusb/src/device/usbd_control.c.obj
                0x0000000010006188                usbd_control_set_request
 .text.usbd_control_xfer_cb
                0x00000000100061a4       0xcc CMakeFiles/LEDBlink.dir/home/austin/pico/pico-sdk/lib/tinyusb/src/device/usbd_control.c.obj
                0x00000000100061a4                usbd_control_xfer_cb
 .text._prep_out_transaction
                0x0000000010006270       0x4a CMakeFiles/LEDBlink.dir/home/austin/pico/pico-sdk/lib/tinyusb/src/class/cdc/cdc_device.c.obj
 *fill*         0x00000000100062ba        0x2 
 .text.tud_cdc_n_connected
                0x00000000100062bc       0x44 CMakeFiles/LEDBlink.dir/home/austin/pico/pico-sdk/lib/tinyusb/src/class/cdc/cdc_device.c.obj
                0x00000000100062bc                tud_cdc_n_connected
 .text.tud_cdc_n_available
                0x0000000010006300       0x18 CMakeFiles/LEDBlink.dir/home/austin/pico/pico-sdk/lib/tinyusb/src/class/cdc/cdc_device.c.obj
                0x0000000010006300                tud_cdc_n_available
 .text.tud_cdc_n_read
                0x0000000010006318       0x28 CMakeFiles/LEDBlink.dir/home/austin/pico/pico-sdk/lib/tinyusb/src/class/cdc/cdc_device.c.obj
                0x0000000010006318                tud_cdc_n_read
 .text.tud_cdc_n_write_flush
                0x0000000010006340       0xb8 CMakeFiles/LEDBlink.dir/home/austin/pico/pico-sdk/lib/tinyusb/src/class/cdc/cdc_device.c.obj
                0x0000000010006340                tud_cdc_n_write_flush
 .text.tud_cdc_n_write
                0x00000000100063f8       0x38 CMakeFiles/LEDBlink.dir/home/austin/pico/pico-sdk/lib/tinyusb/src/class/cdc/cdc_device.c.obj
                0x00000000100063f8                tud_cdc_n_write
 .text.tud_cdc_n_write_available
                0x0000000010006430       0x1c CMakeFiles/LEDBlink.dir/home/austin/pico/pico-sdk/lib/tinyusb/src/class/cdc/cdc_device.c.obj
                0x0000000010006430                tud_cdc_n_write_available
 .text.cdcd_init
                0x000000001000644c       0xbc CMakeFiles/LEDBlink.dir/home/austin/pico/pico-sdk/lib/tinyusb/src/class/cdc/cdc_device.c.obj
                0x000000001000644c                cdcd_init
 .text.cdcd_reset
                0x0000000010006508       0x44 CMakeFiles/LEDBlink.dir/home/austin/pico/pico-sdk/lib/tinyusb/src/class/cdc/cdc_device.c.obj
                0x0000000010006508                cdcd_reset
 .text.cdcd_open
                0x000000001000654c       0xcc CMakeFiles/LEDBlink.dir/home/austin/pico/pico-sdk/lib/tinyusb/src/class/cdc/cdc_device.c.obj
                0x000000001000654c                cdcd_open
 .text.cdcd_control_xfer_cb
                0x0000000010006618      0x134 CMakeFiles/LEDBlink.dir/home/austin/pico/pico-sdk/lib/tinyusb/src/class/cdc/cdc_device.c.obj
                0x0000000010006618                cdcd_control_xfer_cb
 .text.cdcd_xfer_cb
                0x000000001000674c      0x130 CMakeFiles/LEDBlink.dir/home/austin/pico/pico-sdk/lib/tinyusb/src/class/cdc/cdc_device.c.obj
                0x000000001000674c                cdcd_xfer_cb
 .text.tusb_init
                0x000000001000687c        0xa CMakeFiles/LEDBlink.dir/home/austin/pico/pico-sdk/lib/tinyusb/src/tusb.c.obj
                0x000000001000687c                tusb_init
 .text.tusb_inited
                0x0000000010006886        0xe CMakeFiles/LEDBlink.dir/home/austin/pico/pico-sdk/lib/tinyusb/src/tusb.c.obj
                0x0000000010006886                tusb_inited
 .text.tu_edpt_claim
                0x0000000010006894       0x50 CMakeFiles/LEDBlink.dir/home/austin/pico/pico-sdk/lib/tinyusb/src/tusb.c.obj
                0x0000000010006894                tu_edpt_claim
 .text.tu_edpt_release
                0x00000000100068e4       0x3c CMakeFiles/LEDBlink.dir/home/austin/pico/pico-sdk/lib/tinyusb/src/tusb.c.obj
                0x00000000100068e4                tu_edpt_release
 .text.tu_edpt_validate
                0x0000000010006920       0x78 CMakeFiles/LEDBlink.dir/home/austin/pico/pico-sdk/lib/tinyusb/src/tusb.c.obj
                0x0000000010006920                tu_edpt_validate
 .text.tu_edpt_bind_driver
                0x0000000010006998       0x26 CMakeFiles/LEDBlink.dir/home/austin/pico/pico-sdk/lib/tinyusb/src/tusb.c.obj
                0x0000000010006998                tu_edpt_bind_driver
 .text.advance_index
                0x00000000100069be       0x1a CMakeFiles/LEDBlink.dir/home/austin/pico/pico-sdk/lib/tinyusb/src/common/tusb_fifo.c.obj
 .text._tu_fifo_peek
                0x00000000100069d8       0x56 CMakeFiles/LEDBlink.dir/home/austin/pico/pico-sdk/lib/tinyusb/src/common/tusb_fifo.c.obj
 .text._ff_pull_const_addr
                0x0000000010006a2e       0x4c CMakeFiles/LEDBlink.dir/home/austin/pico/pico-sdk/lib/tinyusb/src/common/tusb_fifo.c.obj
 .text._ff_pull_n
                0x0000000010006a7a      0x110 CMakeFiles/LEDBlink.dir/home/austin/pico/pico-sdk/lib/tinyusb/src/common/tusb_fifo.c.obj
 .text._tu_fifo_peek_n
                0x0000000010006b8a       0x6a CMakeFiles/LEDBlink.dir/home/austin/pico/pico-sdk/lib/tinyusb/src/common/tusb_fifo.c.obj
 .text._tu_fifo_read_n
                0x0000000010006bf4       0x4e CMakeFiles/LEDBlink.dir/home/austin/pico/pico-sdk/lib/tinyusb/src/common/tusb_fifo.c.obj
 .text._ff_push_const_addr
                0x0000000010006c42       0x40 CMakeFiles/LEDBlink.dir/home/austin/pico/pico-sdk/lib/tinyusb/src/common/tusb_fifo.c.obj
 .text._ff_push_n
                0x0000000010006c82      0x10c CMakeFiles/LEDBlink.dir/home/austin/pico/pico-sdk/lib/tinyusb/src/common/tusb_fifo.c.obj
 .text._tu_fifo_write_n
                0x0000000010006d8e       0xf0 CMakeFiles/LEDBlink.dir/home/austin/pico/pico-sdk/lib/tinyusb/src/common/tusb_fifo.c.obj
 .text.tu_fifo_config
                0x0000000010006e7e       0x7c CMakeFiles/LEDBlink.dir/home/austin/pico/pico-sdk/lib/tinyusb/src/common/tusb_fifo.c.obj
                0x0000000010006e7e                tu_fifo_config
 .text.tu_fifo_count
                0x0000000010006efa       0x2a CMakeFiles/LEDBlink.dir/home/austin/pico/pico-sdk/lib/tinyusb/src/common/tusb_fifo.c.obj
                0x0000000010006efa                tu_fifo_count
 .text.tu_fifo_empty
                0x0000000010006f24       0x10 CMakeFiles/LEDBlink.dir/home/austin/pico/pico-sdk/lib/tinyusb/src/common/tusb_fifo.c.obj
                0x0000000010006f24                tu_fifo_empty
 .text.tu_fifo_full
                0x0000000010006f34       0x28 CMakeFiles/LEDBlink.dir/home/austin/pico/pico-sdk/lib/tinyusb/src/common/tusb_fifo.c.obj
                0x0000000010006f34                tu_fifo_full
 .text.tu_fifo_remaining
                0x0000000010006f5c       0x2c CMakeFiles/LEDBlink.dir/home/austin/pico/pico-sdk/lib/tinyusb/src/common/tusb_fifo.c.obj
                0x0000000010006f5c                tu_fifo_remaining
 .text.tu_fifo_read
                0x0000000010006f88       0x42 CMakeFiles/LEDBlink.dir/home/austin/pico/pico-sdk/lib/tinyusb/src/common/tusb_fifo.c.obj
                0x0000000010006f88                tu_fifo_read
 .text.tu_fifo_read_n
                0x0000000010006fca        0xa CMakeFiles/LEDBlink.dir/home/austin/pico/pico-sdk/lib/tinyusb/src/common/tusb_fifo.c.obj
                0x0000000010006fca                tu_fifo_read_n
 .text.tu_fifo_write
                0x0000000010006fd4       0x64 CMakeFiles/LEDBlink.dir/home/austin/pico/pico-sdk/lib/tinyusb/src/common/tusb_fifo.c.obj
                0x0000000010006fd4                tu_fifo_write
 .text.tu_fifo_write_n
                0x0000000010007038        0xa CMakeFiles/LEDBlink.dir/home/austin/pico/pico-sdk/lib/tinyusb/src/common/tusb_fifo.c.obj
                0x0000000010007038                tu_fifo_write_n
 .text.tu_fifo_clear
                0x0000000010007042       0x3e CMakeFiles/LEDBlink.dir/home/austin/pico/pico-sdk/lib/tinyusb/src/common/tusb_fifo.c.obj
                0x0000000010007042                tu_fifo_clear
 .text.tu_fifo_set_overwritable
                0x0000000010007080       0x46 CMakeFiles/LEDBlink.dir/home/austin/pico/pico-sdk/lib/tinyusb/src/common/tusb_fifo.c.obj
                0x0000000010007080                tu_fifo_set_overwritable
 *fill*         0x00000000100070c6        0x2 
 .text          0x00000000100070c8       0x5c /usr/lib/gcc/arm-none-eabi/10.3.1/../../../arm-none-eabi/lib/thumb/v6-m/nofp/libg.a(lib_a-strlen-stub.o)
                0x00000000100070c8                strlen
 *(.fini)
 .fini          0x0000000010007124        0x4 /usr/lib/gcc/arm-none-eabi/10.3.1/thumb/v6-m/nofp/crti.o
                0x0000000010007124                _fini
 .fini.__stub   0x0000000010007128       0xe0 linker stubs
 *crtbegin.o(.ctors)
 *crtbegin?.o(.ctors)
 *(EXCLUDE_FILE(*crtend.o *crtend?.o) .ctors)
 *(SORT_BY_NAME(.ctors.*))
 *(.ctors)
 *crtbegin.o(.dtors)
 *crtbegin?.o(.dtors)
 *(EXCLUDE_FILE(*crtend.o *crtend?.o) .dtors)
 *(SORT_BY_NAME(.dtors.*))
 *(.dtors)
 *(.eh_frame*)
 .eh_frame      0x0000000010007208        0x0 /usr/lib/gcc/arm-none-eabi/10.3.1/thumb/v6-m/nofp/crtbegin.o
                0x0000000010007208                . = ALIGN (0x4)

.glue_7         0x0000000010007208        0x0
 .glue_7        0x0000000010007208        0x0 linker stubs

.glue_7t        0x0000000010007208        0x0
 .glue_7t       0x0000000010007208        0x0 linker stubs

.vfp11_veneer   0x0000000010007208        0x0
 .vfp11_veneer  0x0000000010007208        0x0 linker stubs

.v4_bx          0x0000000010007208        0x0
 .v4_bx         0x0000000010007208        0x0 linker stubs

.iplt           0x0000000010007208        0x0
 .iplt          0x0000000010007208        0x0 /usr/lib/gcc/arm-none-eabi/10.3.1/thumb/v6-m/nofp/crtbegin.o

.rodata         0x0000000010007208     0x15bc
 *(EXCLUDE_FILE(*libm.a: *libc.a:*lib_a-mem*.o *libgcc.a:) .rodata*)
 .rodata.main.str1.4
                0x0000000010007208        0x8 CMakeFiles/LEDBlink.dir/LEDBlink.c.obj
 .rodata.spin_lock_claim_unused.str1.4
                0x0000000010007210       0x1b CMakeFiles/LEDBlink.dir/home/austin/pico/pico-sdk/src/rp2_common/hardware_sync/sync.c.obj
 *fill*         0x000000001000722b        0x1 
 .rodata.make_branch.str1.4
                0x000000001000722c       0x6d CMakeFiles/LEDBlink.dir/home/austin/pico/pico-sdk/src/rp2_common/hardware_irq/irq.c.obj
 *fill*         0x0000000010007299        0x3 
 .rodata.insert_branch_and_link.str1.4
                0x000000001000729c       0x10 CMakeFiles/LEDBlink.dir/home/austin/pico/pico-sdk/src/rp2_common/hardware_irq/irq.c.obj
 .rodata.irq_set_exclusive_handler.str1.4
                0x00000000100072ac       0x36 CMakeFiles/LEDBlink.dir/home/austin/pico/pico-sdk/src/rp2_common/hardware_irq/irq.c.obj
 *fill*         0x00000000100072e2        0x2 
 .rodata.irq_add_shared_handler.str1.4
                0x00000000100072e4       0xd9 CMakeFiles/LEDBlink.dir/home/austin/pico/pico-sdk/src/rp2_common/hardware_irq/irq.c.obj
 *fill*         0x00000000100073bd        0x3 
 .rodata.irq_remove_handler.str1.4
                0x00000000100073c0       0x3a CMakeFiles/LEDBlink.dir/home/austin/pico/pico-sdk/src/rp2_common/hardware_irq/irq.c.obj
 *fill*         0x00000000100073fa        0x2 
 .rodata.irq_add_tail_to_free_list.str1.4
                0x00000000100073fc       0x3a CMakeFiles/LEDBlink.dir/home/austin/pico/pico-sdk/src/rp2_common/hardware_irq/irq.c.obj
 *fill*         0x0000000010007436        0x2 
 .rodata.user_irq_claim_unused.str1.4
                0x0000000010007438       0x1b CMakeFiles/LEDBlink.dir/home/austin/pico/pico-sdk/src/rp2_common/hardware_irq/irq.c.obj
 *fill*         0x0000000010007453        0x1 
 .rodata.__func__.0
                0x0000000010007454       0x1a CMakeFiles/LEDBlink.dir/home/austin/pico/pico-sdk/src/rp2_common/hardware_irq/irq.c.obj
 *fill*         0x000000001000746e        0x2 
 .rodata.__func__.1
                0x0000000010007470       0x17 CMakeFiles/LEDBlink.dir/home/austin/pico/pico-sdk/src/rp2_common/hardware_irq/irq.c.obj
 *fill*         0x0000000010007487        0x1 
 .rodata.__func__.2
                0x0000000010007488       0x13 CMakeFiles/LEDBlink.dir/home/austin/pico/pico-sdk/src/rp2_common/hardware_irq/irq.c.obj
 *fill*         0x000000001000749b        0x1 
 .rodata.__func__.3
                0x000000001000749c        0xc CMakeFiles/LEDBlink.dir/home/austin/pico/pico-sdk/src/rp2_common/hardware_irq/irq.c.obj
 .rodata.__func__.4
                0x00000000100074a8        0xf CMakeFiles/LEDBlink.dir/home/austin/pico/pico-sdk/src/rp2_common/hardware_irq/irq.c.obj
 *fill*         0x00000000100074b7        0x1 
 .rodata.__func__.5
                0x00000000100074b8       0x17 CMakeFiles/LEDBlink.dir/home/austin/pico/pico-sdk/src/rp2_common/hardware_irq/irq.c.obj
 *fill*         0x00000000100074cf        0x1 
 .rodata.__func__.6
                0x00000000100074d0       0x1a CMakeFiles/LEDBlink.dir/home/austin/pico/pico-sdk/src/rp2_common/hardware_irq/irq.c.obj
 *fill*         0x00000000100074ea        0x2 
 .rodata.str1.4
                0x00000000100074ec       0xed CMakeFiles/LEDBlink.dir/home/austin/pico/pico-sdk/src/common/pico_sync/mutex.c.obj
 *fill*         0x00000000100075d9        0x3 
 .rodata.__func__.1
                0x00000000100075dc        0xb CMakeFiles/LEDBlink.dir/home/austin/pico/pico-sdk/src/common/pico_sync/mutex.c.obj
 *fill*         0x00000000100075e7        0x1 
 .rodata.__func__.3
                0x00000000100075e8       0x18 CMakeFiles/LEDBlink.dir/home/austin/pico/pico-sdk/src/common/pico_sync/mutex.c.obj
 .rodata.__func__.4
                0x0000000010007600       0x15 CMakeFiles/LEDBlink.dir/home/austin/pico/pico-sdk/src/common/pico_sync/mutex.c.obj
 *fill*         0x0000000010007615        0x3 
 .rodata.repeating_timer_callback.str1.4
                0x0000000010007618       0x4b CMakeFiles/LEDBlink.dir/home/austin/pico/pico-sdk/src/common/pico_time/time.c.obj
 *fill*         0x0000000010007663        0x1 
 .rodata.timer_pool_entry_comparator.str1.4
                0x0000000010007664       0x22 CMakeFiles/LEDBlink.dir/home/austin/pico/pico-sdk/src/common/pico_time/time.c.obj
 *fill*         0x0000000010007686        0x2 
 .rodata.ph_add_child_node.str1.4
                0x0000000010007688       0x96 CMakeFiles/LEDBlink.dir/home/austin/pico/pico-sdk/src/common/pico_time/time.c.obj
 *fill*         0x000000001000771e        0x2 
 .rodata.add_alarm_under_lock.str1.4
                0x0000000010007720       0x28 CMakeFiles/LEDBlink.dir/home/austin/pico/pico-sdk/src/common/pico_time/time.c.obj
                                         0x2b (size before relaxing)
 .rodata.alarm_pool_alarm_callback.str1.4
                0x0000000010007748       0x98 CMakeFiles/LEDBlink.dir/home/austin/pico/pico-sdk/src/common/pico_time/time.c.obj
                                         0xfc (size before relaxing)
 .rodata.alarm_pool_get_default.str1.4
                0x00000000100077e0       0x21 CMakeFiles/LEDBlink.dir/home/austin/pico/pico-sdk/src/common/pico_time/time.c.obj
 *fill*         0x0000000010007801        0x3 
 .rodata.alarm_pool_cancel_alarm.str1.4
                0x0000000010007804       0x27 CMakeFiles/LEDBlink.dir/home/austin/pico/pico-sdk/src/common/pico_time/time.c.obj
 *fill*         0x000000001000782b        0x1 
 .rodata.sleep_until.str1.4
                0x000000001000782c       0x4d CMakeFiles/LEDBlink.dir/home/austin/pico/pico-sdk/src/common/pico_time/time.c.obj
 *fill*         0x0000000010007879        0x3 
 .rodata.__func__.1
                0x000000001000787c       0x18 CMakeFiles/LEDBlink.dir/home/austin/pico/pico-sdk/src/common/pico_time/time.c.obj
 .rodata.__func__.10
                0x0000000010007894       0x15 CMakeFiles/LEDBlink.dir/home/austin/pico/pico-sdk/src/common/pico_time/time.c.obj
 *fill*         0x00000000100078a9        0x3 
 .rodata.__func__.11
                0x00000000100078ac       0x1a CMakeFiles/LEDBlink.dir/home/austin/pico/pico-sdk/src/common/pico_time/time.c.obj
 *fill*         0x00000000100078c6        0x2 
 .rodata.__func__.12
                0x00000000100078c8        0xa CMakeFiles/LEDBlink.dir/home/austin/pico/pico-sdk/src/common/pico_time/time.c.obj
 *fill*         0x00000000100078d2        0x2 
 .rodata.__func__.3
                0x00000000100078d4       0x17 CMakeFiles/LEDBlink.dir/home/austin/pico/pico-sdk/src/common/pico_time/time.c.obj
 *fill*         0x00000000100078eb        0x1 
 .rodata.__func__.4
                0x00000000100078ec       0x12 CMakeFiles/LEDBlink.dir/home/austin/pico/pico-sdk/src/common/pico_time/time.c.obj
 *fill*         0x00000000100078fe        0x2 
 .rodata.__func__.5
                0x0000000010007900        0xd CMakeFiles/LEDBlink.dir/home/austin/pico/pico-sdk/src/common/pico_time/time.c.obj
 *fill*         0x000000001000790d        0x3 
 .rodata.__func__.6
                0x0000000010007910       0x12 CMakeFiles/LEDBlink.dir/home/austin/pico/pico-sdk/src/common/pico_time/time.c.obj
 *fill*         0x0000000010007922        0x2 
 .rodata.__func__.7
                0x0000000010007924        0xf CMakeFiles/LEDBlink.dir/home/austin/pico/pico-sdk/src/common/pico_time/time.c.obj
 *fill*         0x0000000010007933        0x1 
 .rodata.__func__.8
                0x0000000010007934        0xc CMakeFiles/LEDBlink.dir/home/austin/pico/pico-sdk/src/common/pico_time/time.c.obj
 .rodata.__func__.9
                0x0000000010007940       0x15 CMakeFiles/LEDBlink.dir/home/austin/pico/pico-sdk/src/common/pico_time/time.c.obj
 *fill*         0x0000000010007955        0x3 
 .rodata.hardware_alarm_claim.str1.4
                0x0000000010007958       0x22 CMakeFiles/LEDBlink.dir/home/austin/pico/pico-sdk/src/rp2_common/hardware_timer/timer.c.obj
 .rodata.busy_wait_us.str1.4
                0x000000001000797a       0x61 CMakeFiles/LEDBlink.dir/home/austin/pico/pico-sdk/src/rp2_common/hardware_timer/timer.c.obj
 *fill*         0x000000001000797a        0x2 
 .rodata.hardware_alarm_set_target.str1.4
                0x000000001000797c       0x65 CMakeFiles/LEDBlink.dir/home/austin/pico/pico-sdk/src/rp2_common/hardware_timer/timer.c.obj
 *fill*         0x00000000100079e1        0x3 
 .rodata.__func__.0
                0x00000000100079e4       0x1a CMakeFiles/LEDBlink.dir/home/austin/pico/pico-sdk/src/rp2_common/hardware_timer/timer.c.obj
 *fill*         0x00000000100079fe        0x2 
 .rodata.__func__.1
                0x0000000010007a00       0x15 CMakeFiles/LEDBlink.dir/home/austin/pico/pico-sdk/src/rp2_common/hardware_timer/timer.c.obj
 .rodata.ph_add_child_node.str1.4
                0x0000000010007a15       0x96 CMakeFiles/LEDBlink.dir/home/austin/pico/pico-sdk/src/common/pico_util/pheap.c.obj
 *fill*         0x0000000010007a15        0x3 
 .rodata.ph_remove_any_head.str1.4
                0x0000000010007a18       0x8c CMakeFiles/LEDBlink.dir/home/austin/pico/pico-sdk/src/common/pico_util/pheap.c.obj
                                         0xa0 (size before relaxing)
 .rodata.ph_remove_and_free_node.str1.4
                0x0000000010007aa4       0x1e CMakeFiles/LEDBlink.dir/home/austin/pico/pico-sdk/src/common/pico_util/pheap.c.obj
                                         0x26 (size before relaxing)
 *fill*         0x0000000010007ac2        0x2 
 .rodata.__func__.0
                0x0000000010007ac4       0x18 CMakeFiles/LEDBlink.dir/home/austin/pico/pico-sdk/src/common/pico_util/pheap.c.obj
 .rodata.__func__.1
                0x0000000010007adc       0x13 CMakeFiles/LEDBlink.dir/home/austin/pico/pico-sdk/src/common/pico_util/pheap.c.obj
 *fill*         0x0000000010007aef        0x1 
 .rodata.__func__.2
                0x0000000010007af0       0x12 CMakeFiles/LEDBlink.dir/home/austin/pico/pico-sdk/src/common/pico_util/pheap.c.obj
 *fill*         0x0000000010007b02        0x2 
 .rodata.__func__.3
                0x0000000010007b04        0xc CMakeFiles/LEDBlink.dir/home/austin/pico/pico-sdk/src/common/pico_util/pheap.c.obj
 .rodata.clock_configure.str1.4
                0x0000000010007b10       0x57 CMakeFiles/LEDBlink.dir/home/austin/pico/pico-sdk/src/rp2_common/hardware_clocks/clocks.c.obj
 *fill*         0x0000000010007b67        0x1 
 .rodata.__func__.1
                0x0000000010007b68       0x10 CMakeFiles/LEDBlink.dir/home/austin/pico/pico-sdk/src/rp2_common/hardware_clocks/clocks.c.obj
 .rodata.pll_init.str1.4
                0x0000000010007b78      0x124 CMakeFiles/LEDBlink.dir/home/austin/pico/pico-sdk/src/rp2_common/hardware_pll/pll.c.obj
 .rodata.__func__.0
                0x0000000010007c9c        0x9 CMakeFiles/LEDBlink.dir/home/austin/pico/pico-sdk/src/rp2_common/hardware_pll/pll.c.obj
 *fill*         0x0000000010007ca5        0x3 
 .rodata.__assert_func.str1.4
                0x0000000010007ca8       0x3f CMakeFiles/LEDBlink.dir/home/austin/pico/pico-sdk/src/rp2_common/pico_runtime/runtime.c.obj
                                         0x43 (size before relaxing)
 *fill*         0x0000000010007ce7        0x1 
 .rodata.runtime_init.str1.4
                0x0000000010007ce8       0x61 CMakeFiles/LEDBlink.dir/home/austin/pico/pico-sdk/src/rp2_common/pico_runtime/runtime.c.obj
 *fill*         0x0000000010007d49        0x3 
 .rodata.panic.str1.4
                0x0000000010007d4c       0x12 CMakeFiles/LEDBlink.dir/home/austin/pico/pico-sdk/src/rp2_common/pico_runtime/runtime.c.obj
 *fill*         0x0000000010007d5e        0x2 
 .rodata.__func__.2
                0x0000000010007d60        0xd CMakeFiles/LEDBlink.dir/home/austin/pico/pico-sdk/src/rp2_common/pico_runtime/runtime.c.obj
 *fill*         0x0000000010007d6d        0x3 
 .rodata._ftoa.str1.4
                0x0000000010007d70       0x15 CMakeFiles/LEDBlink.dir/home/austin/pico/pico-sdk/src/rp2_common/pico_printf/printf.c.obj
 *fill*         0x0000000010007d85        0x3 
 .rodata._vsnprintf
                0x0000000010007d88      0x1e0 CMakeFiles/LEDBlink.dir/home/austin/pico/pico-sdk/src/rp2_common/pico_printf/printf.c.obj
 .rodata.pow10.0
                0x0000000010007f68       0x50 CMakeFiles/LEDBlink.dir/home/austin/pico/pico-sdk/src/rp2_common/pico_printf/printf.c.obj
 .rodata.__aeabi_double_init.str1.4
                0x0000000010007fb8       0x9c CMakeFiles/LEDBlink.dir/home/austin/pico/pico-sdk/src/rp2_common/pico_double/double_init_rom.c.obj
 .rodata.__func__.0
                0x0000000010008054       0x14 CMakeFiles/LEDBlink.dir/home/austin/pico/pico-sdk/src/rp2_common/pico_double/double_init_rom.c.obj
 .rodata.__aeabi_float_init.str1.4
                0x0000000010008068       0x7a CMakeFiles/LEDBlink.dir/home/austin/pico/pico-sdk/src/rp2_common/pico_float/float_init_rom.c.obj
                                         0x7e (size before relaxing)
 *fill*         0x00000000100080e2        0x2 
 .rodata.__func__.0
                0x00000000100080e4       0x13 CMakeFiles/LEDBlink.dir/home/austin/pico/pico-sdk/src/rp2_common/pico_float/float_init_rom.c.obj
 *fill*         0x00000000100080f7        0x1 
 .rodata.str1.4
                0x00000000100080f8       0x44 CMakeFiles/LEDBlink.dir/home/austin/pico/pico-sdk/src/rp2_common/pico_standard_link/binary_info.c.obj
 .rodata.__bi_44
                0x000000001000813c        0xc CMakeFiles/LEDBlink.dir/home/austin/pico/pico-sdk/src/rp2_common/pico_standard_link/binary_info.c.obj
 .rodata.__bi_56
                0x0000000010008148        0xc CMakeFiles/LEDBlink.dir/home/austin/pico/pico-sdk/src/rp2_common/pico_standard_link/binary_info.c.obj
 .rodata.__bi_75
                0x0000000010008154        0xc CMakeFiles/LEDBlink.dir/home/austin/pico/pico-sdk/src/rp2_common/pico_standard_link/binary_info.c.obj
 .rodata.__bi_81
                0x0000000010008160        0xc CMakeFiles/LEDBlink.dir/home/austin/pico/pico-sdk/src/rp2_common/pico_standard_link/binary_info.c.obj
 .rodata.stdout_serialize_begin.str1.4
                0x000000001000816c       0x61 CMakeFiles/LEDBlink.dir/home/austin/pico/pico-sdk/src/rp2_common/pico_stdio/stdio.c.obj
 .rodata.__func__.3
                0x000000001000816c       0x15 CMakeFiles/LEDBlink.dir/home/austin/pico/pico-sdk/src/rp2_common/pico_stdio/stdio.c.obj
 *fill*         0x0000000010008181        0x3 
 .rodata.crlf_str.2
                0x0000000010008184        0x2 CMakeFiles/LEDBlink.dir/home/austin/pico/pico-sdk/src/rp2_common/pico_stdio/stdio.c.obj
 *fill*         0x0000000010008186        0x2 
 .rodata.str1.4
                0x0000000010008188       0x2c CMakeFiles/LEDBlink.dir/home/austin/pico/pico-sdk/src/rp2_common/pico_stdio_uart/stdio_uart.c.obj
 .rodata.__bi_33.4
                0x00000000100081b4        0xc CMakeFiles/LEDBlink.dir/home/austin/pico/pico-sdk/src/rp2_common/pico_stdio_uart/stdio_uart.c.obj
 .rodata.__bi_34.5
                0x00000000100081c0        0x8 CMakeFiles/LEDBlink.dir/home/austin/pico/pico-sdk/src/rp2_common/pico_stdio_uart/stdio_uart.c.obj
 .rodata._resetd_driver
                0x00000000100081c8       0x18 CMakeFiles/LEDBlink.dir/home/austin/pico/pico-sdk/src/rp2_common/pico_stdio_usb/reset_interface.c.obj
 .rodata.low_priority_worker_irq.str1.4
                0x00000000100081e0       0x61 CMakeFiles/LEDBlink.dir/home/austin/pico/pico-sdk/src/rp2_common/pico_stdio_usb/stdio_usb.c.obj
 .rodata.stdio_usb_init.str1.4
                0x00000000100081e0       0x45 CMakeFiles/LEDBlink.dir/home/austin/pico/pico-sdk/src/rp2_common/pico_stdio_usb/stdio_usb.c.obj
                                         0x4d (size before relaxing)
 *fill*         0x0000000010008225        0x3 
 .rodata.str1.4
                0x0000000010008228       0x13 CMakeFiles/LEDBlink.dir/home/austin/pico/pico-sdk/src/rp2_common/pico_stdio_usb/stdio_usb.c.obj
 *fill*         0x000000001000823b        0x1 
 .rodata.__bi_182.0
                0x000000001000823c        0xc CMakeFiles/LEDBlink.dir/home/austin/pico/pico-sdk/src/rp2_common/pico_stdio_usb/stdio_usb.c.obj
 .rodata.__func__.1
                0x0000000010008248        0xf CMakeFiles/LEDBlink.dir/home/austin/pico/pico-sdk/src/rp2_common/pico_stdio_usb/stdio_usb.c.obj
 *fill*         0x0000000010008257        0x1 
 .rodata.__func__.3
                0x0000000010008258       0x15 CMakeFiles/LEDBlink.dir/home/austin/pico/pico-sdk/src/rp2_common/pico_stdio_usb/stdio_usb.c.obj
 *fill*         0x000000001000826d        0x3 
 .rodata.str1.4
                0x0000000010008270       0x2a CMakeFiles/LEDBlink.dir/home/austin/pico/pico-sdk/src/rp2_common/pico_stdio_usb/stdio_usb_descriptors.c.obj
 *fill*         0x000000001000829a        0x2 
 .rodata.usbd_desc_cfg
                0x000000001000829c       0x54 CMakeFiles/LEDBlink.dir/home/austin/pico/pico-sdk/src/rp2_common/pico_stdio_usb/stdio_usb_descriptors.c.obj
 .rodata.usbd_desc_device
                0x00000000100082f0       0x12 CMakeFiles/LEDBlink.dir/home/austin/pico/pico-sdk/src/rp2_common/pico_stdio_usb/stdio_usb_descriptors.c.obj
 *fill*         0x0000000010008302        0x2 
 .rodata.usbd_desc_str
                0x0000000010008304       0x18 CMakeFiles/LEDBlink.dir/home/austin/pico/pico-sdk/src/rp2_common/pico_stdio_usb/stdio_usb_descriptors.c.obj
 .rodata.pico_get_unique_board_id_string.str1.4
                0x000000001000831c       0x4d CMakeFiles/LEDBlink.dir/home/austin/pico/pico-sdk/src/rp2_common/pico_unique_id/unique_id.c.obj
 *fill*         0x0000000010008369        0x3 
 .rodata.__func__.0
                0x000000001000836c       0x20 CMakeFiles/LEDBlink.dir/home/austin/pico/pico-sdk/src/rp2_common/pico_unique_id/unique_id.c.obj
 .rodata.str1.4
                0x000000001000838c      0x15a CMakeFiles/LEDBlink.dir/home/austin/pico/pico-sdk/src/rp2_common/hardware_flash/flash.c.obj
 *fill*         0x00000000100084e6        0x2 
 .rodata.__func__.0
                0x00000000100084e8        0xd CMakeFiles/LEDBlink.dir/home/austin/pico/pico-sdk/src/rp2_common/hardware_flash/flash.c.obj
 *fill*         0x00000000100084f5        0x3 
 .rodata._hw_endpoint_alloc.str1.4
                0x00000000100084f8       0xb5 CMakeFiles/LEDBlink.dir/home/austin/pico/pico-sdk/lib/tinyusb/src/portable/raspberrypi/rp2040/dcd_rp2040.c.obj
 *fill*         0x00000000100085ad        0x3 
 .rodata.str1.4
                0x00000000100085b0       0x14 CMakeFiles/LEDBlink.dir/home/austin/pico/pico-sdk/lib/tinyusb/src/portable/raspberrypi/rp2040/dcd_rp2040.c.obj
 .rodata.dcd_int_enable.str1.4
                0x00000000100085c4        0xc CMakeFiles/LEDBlink.dir/home/austin/pico/pico-sdk/lib/tinyusb/src/portable/raspberrypi/rp2040/dcd_rp2040.c.obj
 .rodata.__func__.0
                0x00000000100085d0        0xe CMakeFiles/LEDBlink.dir/home/austin/pico/pico-sdk/lib/tinyusb/src/portable/raspberrypi/rp2040/dcd_rp2040.c.obj
 *fill*         0x00000000100085de        0x2 
 .rodata.__func__.1
                0x00000000100085e0        0xe CMakeFiles/LEDBlink.dir/home/austin/pico/pico-sdk/lib/tinyusb/src/portable/raspberrypi/rp2040/dcd_rp2040.c.obj
 *fill*         0x00000000100085ee        0x2 
 .rodata.__func__.3
                0x00000000100085f0       0x10 CMakeFiles/LEDBlink.dir/home/austin/pico/pico-sdk/lib/tinyusb/src/portable/raspberrypi/rp2040/dcd_rp2040.c.obj
 .rodata.__func__.5
                0x0000000010008600        0xf CMakeFiles/LEDBlink.dir/home/austin/pico/pico-sdk/lib/tinyusb/src/portable/raspberrypi/rp2040/dcd_rp2040.c.obj
 *fill*         0x000000001000860f        0x1 
 .rodata.__func__.6
                0x0000000010008610       0x13 CMakeFiles/LEDBlink.dir/home/austin/pico/pico-sdk/lib/tinyusb/src/portable/raspberrypi/rp2040/dcd_rp2040.c.obj
 *fill*         0x0000000010008623        0x1 
 .rodata.__func__.7
                0x0000000010008624        0x9 CMakeFiles/LEDBlink.dir/home/austin/pico/pico-sdk/lib/tinyusb/src/portable/raspberrypi/rp2040/dcd_rp2040.c.obj
 *fill*         0x000000001000862d        0x3 
 .rodata.str1.4
                0x0000000010008630       0xdd CMakeFiles/LEDBlink.dir/home/austin/pico/pico-sdk/lib/tinyusb/src/portable/raspberrypi/rp2040/rp2040_usb.c.obj
                                         0xe7 (size before relaxing)
 *fill*         0x000000001000870d        0x3 
 .rodata.__func__.0
                0x0000000010008710        0xf CMakeFiles/LEDBlink.dir/home/austin/pico/pico-sdk/lib/tinyusb/src/portable/raspberrypi/rp2040/rp2040_usb.c.obj
 *fill*         0x000000001000871f        0x1 
 .rodata.process_get_descriptor
                0x0000000010008720       0x40 CMakeFiles/LEDBlink.dir/home/austin/pico/pico-sdk/lib/tinyusb/src/device/usbd.c.obj
 .rodata.process_control_request
                0x0000000010008760       0x28 CMakeFiles/LEDBlink.dir/home/austin/pico/pico-sdk/lib/tinyusb/src/device/usbd.c.obj
 .rodata.tud_task_ext
                0x0000000010008788       0x24 CMakeFiles/LEDBlink.dir/home/austin/pico/pico-sdk/lib/tinyusb/src/device/usbd.c.obj
 .rodata._usbd_driver
                0x00000000100087ac       0x18 CMakeFiles/LEDBlink.dir/home/austin/pico/pico-sdk/lib/tinyusb/src/device/usbd.c.obj
                0x00000000100087c4                . = ALIGN (0x4)
 *(SORT_BY_ALIGNMENT(SORT_BY_NAME(.flashdata*)))
                0x00000000100087c4                . = ALIGN (0x4)

.ARM.extab
 *(.ARM.extab* .gnu.linkonce.armextab.*)
                0x00000000100087c4                __exidx_start = .

.ARM.exidx
 *(.ARM.exidx* .gnu.linkonce.armexidx.*)
                0x00000000100087c4                __exidx_end = .
                0x00000000100087c4                . = ALIGN (0x4)
                0x00000000100087c4                __binary_info_start = .

.binary_info    0x00000000100087c4       0x2c
 *(.binary_info.keep.*)
 .binary_info.keep.__bi_ptr22
                0x00000000100087c4        0x4 CMakeFiles/LEDBlink.dir/home/austin/pico/pico-sdk/src/rp2_common/pico_standard_link/binary_info.c.obj
 .binary_info.keep.__bi_ptr30
                0x00000000100087c8        0x4 CMakeFiles/LEDBlink.dir/home/austin/pico/pico-sdk/src/rp2_common/pico_standard_link/binary_info.c.obj
 .binary_info.keep.__bi_ptr38
                0x00000000100087cc        0x4 CMakeFiles/LEDBlink.dir/home/austin/pico/pico-sdk/src/rp2_common/pico_standard_link/binary_info.c.obj
 .binary_info.keep.__bi_ptr44
                0x00000000100087d0        0x4 CMakeFiles/LEDBlink.dir/home/austin/pico/pico-sdk/src/rp2_common/pico_standard_link/binary_info.c.obj
 .binary_info.keep.__bi_ptr50
                0x00000000100087d4        0x4 CMakeFiles/LEDBlink.dir/home/austin/pico/pico-sdk/src/rp2_common/pico_standard_link/binary_info.c.obj
 .binary_info.keep.__bi_ptr56
                0x00000000100087d8        0x4 CMakeFiles/LEDBlink.dir/home/austin/pico/pico-sdk/src/rp2_common/pico_standard_link/binary_info.c.obj
 .binary_info.keep.__bi_ptr75
                0x00000000100087dc        0x4 CMakeFiles/LEDBlink.dir/home/austin/pico/pico-sdk/src/rp2_common/pico_standard_link/binary_info.c.obj
 .binary_info.keep.__bi_ptr81
                0x00000000100087e0        0x4 CMakeFiles/LEDBlink.dir/home/austin/pico/pico-sdk/src/rp2_common/pico_standard_link/binary_info.c.obj
 *(.binary_info.*)
 .binary_info.__bi_ptr33
                0x00000000100087e4        0x4 CMakeFiles/LEDBlink.dir/home/austin/pico/pico-sdk/src/rp2_common/pico_stdio_uart/stdio_uart.c.obj
 .binary_info.__bi_ptr34
                0x00000000100087e8        0x4 CMakeFiles/LEDBlink.dir/home/austin/pico/pico-sdk/src/rp2_common/pico_stdio_uart/stdio_uart.c.obj
 .binary_info.__bi_ptr182
                0x00000000100087ec        0x4 CMakeFiles/LEDBlink.dir/home/austin/pico/pico-sdk/src/rp2_common/pico_stdio_usb/stdio_usb.c.obj
                0x00000000100087f0                __binary_info_end = .

.rel.dyn        0x00000000100087f0        0x0
 .rel.iplt      0x00000000100087f0        0x0 /usr/lib/gcc/arm-none-eabi/10.3.1/thumb/v6-m/nofp/crtbegin.o
                0x00000000100087f0                . = ALIGN (0x4)

.ram_vector_table
                0x0000000020000000       0xc0
 *(.ram_vector_table)
 .ram_vector_table
                0x0000000020000000       0xc0 CMakeFiles/LEDBlink.dir/home/austin/pico/pico-sdk/src/rp2_common/pico_runtime/runtime.c.obj
                0x0000000020000000                ram_vector_table

.data           0x00000000200000c0      0xc08 load address 0x00000000100087f0
                0x00000000200000c0                __data_start__ = .
 *(vtable)
 *(.time_critical*)
 .time_critical.mutex_try_enter
                0x00000000200000c0       0x46 CMakeFiles/LEDBlink.dir/home/austin/pico/pico-sdk/src/common/pico_sync/mutex.c.obj
                0x00000000200000c0                mutex_try_enter
 *fill*         0x0000000020000106        0x2 
 .time_critical.mutex_enter_block_until
                0x0000000020000108       0x8c CMakeFiles/LEDBlink.dir/home/austin/pico/pico-sdk/src/common/pico_sync/mutex.c.obj
                0x0000000020000108                mutex_enter_block_until
 .time_critical.mutex_try_enter_block_until
                0x0000000020000194       0x34 CMakeFiles/LEDBlink.dir/home/austin/pico/pico-sdk/src/common/pico_sync/mutex.c.obj
                0x0000000020000194                mutex_try_enter_block_until
 .time_critical.mutex_enter_timeout_ms
                0x00000000200001c8       0x68 CMakeFiles/LEDBlink.dir/home/austin/pico/pico-sdk/src/common/pico_sync/mutex.c.obj
                0x00000000200001c8                mutex_enter_timeout_ms
 .time_critical.mutex_exit
                0x0000000020000230       0x4c CMakeFiles/LEDBlink.dir/home/austin/pico/pico-sdk/src/common/pico_sync/mutex.c.obj
                0x0000000020000230                mutex_exit
 .time_critical.flash_init_boot2_copyout
                0x000000002000027c       0x30 CMakeFiles/LEDBlink.dir/home/austin/pico/pico-sdk/src/rp2_common/hardware_flash/flash.c.obj
 .time_critical.flash_enable_xip_via_boot2
                0x00000000200002ac       0x10 CMakeFiles/LEDBlink.dir/home/austin/pico/pico-sdk/src/rp2_common/hardware_flash/flash.c.obj
 .time_critical.flash_cs_force
                0x00000000200002bc       0x28 CMakeFiles/LEDBlink.dir/home/austin/pico/pico-sdk/src/rp2_common/hardware_flash/flash.c.obj
 .time_critical.flash_do_cmd
                0x00000000200002e4       0xd8 CMakeFiles/LEDBlink.dir/home/austin/pico/pico-sdk/src/rp2_common/hardware_flash/flash.c.obj
                0x00000000200002e4                flash_do_cmd
 .time_critical.reset_non_control_endpoints
                0x00000000200003bc       0x40 CMakeFiles/LEDBlink.dir/home/austin/pico/pico-sdk/lib/tinyusb/src/portable/raspberrypi/rp2040/dcd_rp2040.c.obj
 .time_critical.hw_handle_buff_status
                0x00000000200003fc       0xa4 CMakeFiles/LEDBlink.dir/home/austin/pico/pico-sdk/lib/tinyusb/src/portable/raspberrypi/rp2040/dcd_rp2040.c.obj
 .time_critical.dcd_rp2040_irq
                0x00000000200004a0      0x1cc CMakeFiles/LEDBlink.dir/home/austin/pico/pico-sdk/lib/tinyusb/src/portable/raspberrypi/rp2040/dcd_rp2040.c.obj
 .time_critical.e15_is_bulkin_ep
                0x000000002000066c       0x2c CMakeFiles/LEDBlink.dir/home/austin/pico/pico-sdk/lib/tinyusb/src/portable/raspberrypi/rp2040/rp2040_usb.c.obj
 .time_critical.e15_is_critical_frame_period
                0x0000000020000698       0x30 CMakeFiles/LEDBlink.dir/home/austin/pico/pico-sdk/lib/tinyusb/src/portable/raspberrypi/rp2040/rp2040_usb.c.obj
 .time_critical.prepare_ep_buffer
                0x00000000200006c8       0x70 CMakeFiles/LEDBlink.dir/home/austin/pico/pico-sdk/lib/tinyusb/src/portable/raspberrypi/rp2040/rp2040_usb.c.obj
 .time_critical.sync_ep_buffer
                0x0000000020000738       0x80 CMakeFiles/LEDBlink.dir/home/austin/pico/pico-sdk/lib/tinyusb/src/portable/raspberrypi/rp2040/rp2040_usb.c.obj
 .time_critical._hw_endpoint_xfer_sync
                0x00000000200007b8       0x28 CMakeFiles/LEDBlink.dir/home/austin/pico/pico-sdk/lib/tinyusb/src/portable/raspberrypi/rp2040/rp2040_usb.c.obj
 .time_critical.hw_endpoint_reset_transfer
                0x00000000200007e0        0xc CMakeFiles/LEDBlink.dir/home/austin/pico/pico-sdk/lib/tinyusb/src/portable/raspberrypi/rp2040/rp2040_usb.c.obj
                0x00000000200007e0                hw_endpoint_reset_transfer
 .time_critical._hw_endpoint_buffer_control_update32
                0x00000000200007ec       0x58 CMakeFiles/LEDBlink.dir/home/austin/pico/pico-sdk/lib/tinyusb/src/portable/raspberrypi/rp2040/rp2040_usb.c.obj
                0x00000000200007ec                _hw_endpoint_buffer_control_update32
 .time_critical.hw_endpoint_start_next_buffer
                0x0000000020000844       0x88 CMakeFiles/LEDBlink.dir/home/austin/pico/pico-sdk/lib/tinyusb/src/portable/raspberrypi/rp2040/rp2040_usb.c.obj
                0x0000000020000844                hw_endpoint_start_next_buffer
 .time_critical.hw_endpoint_xfer_continue
                0x00000000200008cc       0x50 CMakeFiles/LEDBlink.dir/home/austin/pico/pico-sdk/lib/tinyusb/src/portable/raspberrypi/rp2040/rp2040_usb.c.obj
                0x00000000200008cc                hw_endpoint_xfer_continue
 .time_critical.tinyusb
                0x000000002000091c      0x200 CMakeFiles/LEDBlink.dir/home/austin/pico/pico-sdk/lib/tinyusb/src/device/usbd.c.obj
                0x000000002000091c                dcd_event_handler
 *(.text*)
 .text          0x0000000020000b1c        0x4 /usr/lib/gcc/arm-none-eabi/10.3.1/thumb/v6-m/nofp/libgcc.a(_dvmd_tls.o)
                0x0000000020000b1c                __aeabi_ldiv0
                0x0000000020000b1c                __aeabi_idiv0
 .text.__stub   0x0000000020000b20       0x90 linker stubs
                0x0000000020000bb0                . = ALIGN (0x4)
 *(.rodata*)
                0x0000000020000bb0                . = ALIGN (0x4)
 *(.data*)
 .data.striped_spin_lock_num
                0x0000000020000bb0        0x1 CMakeFiles/LEDBlink.dir/home/austin/pico/pico-sdk/src/rp2_common/hardware_sync/sync.c.obj
 *fill*         0x0000000020000bb1        0x3 
 .data          0x0000000020000bb4       0x48 CMakeFiles/LEDBlink.dir/home/austin/pico/pico-sdk/src/rp2_common/hardware_irq/irq_handler_chain.S.obj
                0x0000000020000bb4                irq_handler_chain_slots
                0x0000000020000be4                irq_handler_chain_first_slot
                0x0000000020000bee                irq_handler_chain_remove_tail
 .data.default_alarm_pool
                0x0000000020000bfc       0x18 CMakeFiles/LEDBlink.dir/home/austin/pico/pico-sdk/src/common/pico_time/time.c.obj
 .data.default_alarm_pool_heap
                0x0000000020000c14       0x10 CMakeFiles/LEDBlink.dir/home/austin/pico/pico-sdk/src/common/pico_time/time.c.obj
 *fill*         0x0000000020000c24        0xc 
 .data.aeabi_bits_funcs
                0x0000000020000c30       0x10 CMakeFiles/LEDBlink.dir/home/austin/pico/pico-sdk/src/rp2_common/pico_bit_ops/bit_ops_aeabi.S.obj
                0x0000000020000c30                aeabi_bits_funcs
                0x0000000020000c40                aeabi_bits_funcs_end
 .data.aeabi_mem_funcs
                0x0000000020000c40       0x10 CMakeFiles/LEDBlink.dir/home/austin/pico/pico-sdk/src/rp2_common/pico_mem_ops/mem_ops_aeabi.S.obj
                0x0000000020000c40                aeabi_mem_funcs
                0x0000000020000c50                aeabi_mem_funcs_end
 .data.stdio_uart
                0x0000000020000c50       0x18 CMakeFiles/LEDBlink.dir/home/austin/pico/pico-sdk/src/rp2_common/pico_stdio_uart/stdio_uart.c.obj
                0x0000000020000c50                stdio_uart
 .data.stdio_usb
                0x0000000020000c68       0x18 CMakeFiles/LEDBlink.dir/home/austin/pico/pico-sdk/src/rp2_common/pico_stdio_usb/stdio_usb.c.obj
                0x0000000020000c68                stdio_usb
 .data.ep_dir_string
                0x0000000020000c80        0x8 CMakeFiles/LEDBlink.dir/home/austin/pico/pico-sdk/lib/tinyusb/src/portable/raspberrypi/rp2040/rp2040_usb.c.obj
                0x0000000020000c80                ep_dir_string
 .data._usbd_qdef
                0x0000000020000c88       0x1c CMakeFiles/LEDBlink.dir/home/austin/pico/pico-sdk/lib/tinyusb/src/device/usbd.c.obj
                0x0000000020000c88                _usbd_qdef